<?xml version="1.0" encoding="ISO-8859-1" ?>
<link_info>
   <banner>TI ARM Linker PC v18.1.4.LTS</banner>
   <copyright>Copyright (c) 1996-2018 Texas Instruments Incorporated</copyright>
   <link_time>0x5d923023</link_time>
   <link_errors>0x0</link_errors>
   <output_file>paper_code.out</output_file>
   <entry_point>
      <name>_c_int00</name>
      <address>0x859c</address>
   </entry_point>
   <input_file_list>
      <input_file id="fl-2">
         <path>.\source\</path>
         <kind>object</kind>
         <file>MRSC.obj</file>
         <name>MRSC.obj</name>
      </input_file>
      <input_file id="fl-3">
         <path>.\source\</path>
         <kind>object</kind>
         <file>clc.obj</file>
         <name>clc.obj</name>
      </input_file>
      <input_file id="fl-4">
         <path>.\source\</path>
         <kind>object</kind>
         <file>dabort.obj</file>
         <name>dabort.obj</name>
      </input_file>
      <input_file id="fl-5">
         <path>.\source\</path>
         <kind>object</kind>
         <file>esm.obj</file>
         <name>esm.obj</name>
      </input_file>
      <input_file id="fl-6">
         <path>.\source\</path>
         <kind>object</kind>
         <file>func_EI.obj</file>
         <name>func_EI.obj</name>
      </input_file>
      <input_file id="fl-7">
         <path>.\source\</path>
         <kind>object</kind>
         <file>hammingex.obj</file>
         <name>hammingex.obj</name>
      </input_file>
      <input_file id="fl-8">
         <path>.\source\</path>
         <kind>object</kind>
         <file>main.obj</file>
         <name>main.obj</name>
      </input_file>
      <input_file id="fl-9">
         <path>.\source\</path>
         <kind>object</kind>
         <file>mem_map.obj</file>
         <name>mem_map.obj</name>
      </input_file>
      <input_file id="fl-a">
         <path>.\source\</path>
         <kind>object</kind>
         <file>notification.obj</file>
         <name>notification.obj</name>
      </input_file>
      <input_file id="fl-b">
         <path>.\source\</path>
         <kind>object</kind>
         <file>pinmux.obj</file>
         <name>pinmux.obj</name>
      </input_file>
      <input_file id="fl-c">
         <path>.\source\</path>
         <kind>object</kind>
         <file>sys_core.obj</file>
         <name>sys_core.obj</name>
      </input_file>
      <input_file id="fl-d">
         <path>.\source\</path>
         <kind>object</kind>
         <file>sys_intvecs.obj</file>
         <name>sys_intvecs.obj</name>
      </input_file>
      <input_file id="fl-e">
         <path>.\source\</path>
         <kind>object</kind>
         <file>sys_mpu.obj</file>
         <name>sys_mpu.obj</name>
      </input_file>
      <input_file id="fl-f">
         <path>.\source\</path>
         <kind>object</kind>
         <file>sys_pcr.obj</file>
         <name>sys_pcr.obj</name>
      </input_file>
      <input_file id="fl-10">
         <path>.\source\</path>
         <kind>object</kind>
         <file>sys_phantom.obj</file>
         <name>sys_phantom.obj</name>
      </input_file>
      <input_file id="fl-11">
         <path>.\source\</path>
         <kind>object</kind>
         <file>sys_pmu.obj</file>
         <name>sys_pmu.obj</name>
      </input_file>
      <input_file id="fl-12">
         <path>.\source\</path>
         <kind>object</kind>
         <file>sys_selftest.obj</file>
         <name>sys_selftest.obj</name>
      </input_file>
      <input_file id="fl-13">
         <path>.\source\</path>
         <kind>object</kind>
         <file>sys_startup.obj</file>
         <name>sys_startup.obj</name>
      </input_file>
      <input_file id="fl-14">
         <path>.\source\</path>
         <kind>object</kind>
         <file>sys_vim.obj</file>
         <name>sys_vim.obj</name>
      </input_file>
      <input_file id="fl-15">
         <path>.\source\</path>
         <kind>object</kind>
         <file>system.obj</file>
         <name>system.obj</name>
      </input_file>
      <input_file id="fl-19">
         <kind>object</kind>
         <file>&lt;internal&gt;</file>
         <name>&lt;internal&gt;</name>
      </input_file>
      <input_file id="fl-cf">
         <path>C:\ti\ccsv8\tools\compiler\ti-cgt-arm_18.1.4.LTS\lib\</path>
         <kind>archive</kind>
         <file>rtsv7R4_A_be_eabi.lib</file>
         <name>i_div32.asm.obj</name>
      </input_file>
      <input_file id="fl-d0">
         <path>C:\ti\ccsv8\tools\compiler\ti-cgt-arm_18.1.4.LTS\lib\</path>
         <kind>archive</kind>
         <file>rtsv7R4_A_be_eabi.lib</file>
         <name>memset32.asm.obj</name>
      </input_file>
      <input_file id="fl-d1">
         <path>C:\ti\ccsv8\tools\compiler\ti-cgt-arm_18.1.4.LTS\lib\</path>
         <kind>archive</kind>
         <file>rtsv7R4_A_be_eabi.lib</file>
         <name>autoinit.c.obj</name>
      </input_file>
      <input_file id="fl-d2">
         <path>C:\ti\ccsv8\tools\compiler\ti-cgt-arm_18.1.4.LTS\lib\</path>
         <kind>archive</kind>
         <file>rtsv7R4_A_be_eabi.lib</file>
         <name>cpy_tbl.c.obj</name>
      </input_file>
      <input_file id="fl-d3">
         <path>C:\ti\ccsv8\tools\compiler\ti-cgt-arm_18.1.4.LTS\lib\</path>
         <kind>archive</kind>
         <file>rtsv7R4_A_be_eabi.lib</file>
         <name>copy_zero_init.c.obj</name>
      </input_file>
      <input_file id="fl-d4">
         <path>C:\ti\ccsv8\tools\compiler\ti-cgt-arm_18.1.4.LTS\lib\</path>
         <kind>archive</kind>
         <file>rtsv7R4_A_be_eabi.lib</file>
         <name>copy_decompress_none.c.obj</name>
      </input_file>
      <input_file id="fl-d5">
         <path>C:\ti\ccsv8\tools\compiler\ti-cgt-arm_18.1.4.LTS\lib\</path>
         <kind>archive</kind>
         <file>rtsv7R4_A_be_eabi.lib</file>
         <name>copy_decompress_lzss.c.obj</name>
      </input_file>
      <input_file id="fl-d6">
         <path>C:\ti\ccsv8\tools\compiler\ti-cgt-arm_18.1.4.LTS\lib\</path>
         <kind>archive</kind>
         <file>rtsv7R4_A_be_eabi.lib</file>
         <name>exit.c.obj</name>
      </input_file>
      <input_file id="fl-d7">
         <path>C:\ti\ccsv8\tools\compiler\ti-cgt-arm_18.1.4.LTS\lib\</path>
         <kind>archive</kind>
         <file>rtsv7R4_A_be_eabi.lib</file>
         <name>memory.c.obj</name>
      </input_file>
      <input_file id="fl-d8">
         <path>C:\ti\ccsv8\tools\compiler\ti-cgt-arm_18.1.4.LTS\lib\</path>
         <kind>archive</kind>
         <file>rtsv7R4_A_be_eabi.lib</file>
         <name>_lock.c.obj</name>
      </input_file>
      <input_file id="fl-d9">
         <path>C:\ti\ccsv8\tools\compiler\ti-cgt-arm_18.1.4.LTS\lib\</path>
         <kind>archive</kind>
         <file>rtsv7R4_A_be_eabi.lib</file>
         <name>printf.c.obj</name>
      </input_file>
      <input_file id="fl-da">
         <path>C:\ti\ccsv8\tools\compiler\ti-cgt-arm_18.1.4.LTS\lib\</path>
         <kind>archive</kind>
         <file>rtsv7R4_A_be_eabi.lib</file>
         <name>rand.c.obj</name>
      </input_file>
      <input_file id="fl-db">
         <path>C:\ti\ccsv8\tools\compiler\ti-cgt-arm_18.1.4.LTS\lib\</path>
         <kind>archive</kind>
         <file>rtsv7R4_A_be_eabi.lib</file>
         <name>time.c.obj</name>
      </input_file>
      <input_file id="fl-dc">
         <path>C:\ti\ccsv8\tools\compiler\ti-cgt-arm_18.1.4.LTS\lib\</path>
         <kind>archive</kind>
         <file>rtsv7R4_A_be_eabi.lib</file>
         <name>hosttime.c.obj</name>
      </input_file>
      <input_file id="fl-dd">
         <path>C:\ti\ccsv8\tools\compiler\ti-cgt-arm_18.1.4.LTS\lib\</path>
         <kind>archive</kind>
         <file>rtsv7R4_A_be_eabi.lib</file>
         <name>trgmsg.c.obj</name>
      </input_file>
      <input_file id="fl-de">
         <path>C:\ti\ccsv8\tools\compiler\ti-cgt-arm_18.1.4.LTS\lib\</path>
         <kind>archive</kind>
         <file>rtsv7R4_A_be_eabi.lib</file>
         <name>div0.asm.obj</name>
      </input_file>
      <input_file id="fl-df">
         <path>C:\ti\ccsv8\tools\compiler\ti-cgt-arm_18.1.4.LTS\lib\</path>
         <kind>archive</kind>
         <file>rtsv7R4_A_be_eabi.lib</file>
         <name>memcpy32.asm.obj</name>
      </input_file>
      <input_file id="fl-e0">
         <path>C:\ti\ccsv8\tools\compiler\ti-cgt-arm_18.1.4.LTS\lib\</path>
         <kind>archive</kind>
         <file>rtsv7R4_A_be_eabi.lib</file>
         <name>_printfi.c.obj</name>
      </input_file>
      <input_file id="fl-e1">
         <path>C:\ti\ccsv8\tools\compiler\ti-cgt-arm_18.1.4.LTS\lib\</path>
         <kind>archive</kind>
         <file>rtsv7R4_A_be_eabi.lib</file>
         <name>atoi.c.obj</name>
      </input_file>
      <input_file id="fl-e2">
         <path>C:\ti\ccsv8\tools\compiler\ti-cgt-arm_18.1.4.LTS\lib\</path>
         <kind>archive</kind>
         <file>rtsv7R4_A_be_eabi.lib</file>
         <name>ctype.c.obj</name>
      </input_file>
      <input_file id="fl-e3">
         <path>C:\ti\ccsv8\tools\compiler\ti-cgt-arm_18.1.4.LTS\lib\</path>
         <kind>archive</kind>
         <file>rtsv7R4_A_be_eabi.lib</file>
         <name>defs.c.obj</name>
      </input_file>
      <input_file id="fl-e4">
         <path>C:\ti\ccsv8\tools\compiler\ti-cgt-arm_18.1.4.LTS\lib\</path>
         <kind>archive</kind>
         <file>rtsv7R4_A_be_eabi.lib</file>
         <name>fputc.c.obj</name>
      </input_file>
      <input_file id="fl-e5">
         <path>C:\ti\ccsv8\tools\compiler\ti-cgt-arm_18.1.4.LTS\lib\</path>
         <kind>archive</kind>
         <file>rtsv7R4_A_be_eabi.lib</file>
         <name>fputs.c.obj</name>
      </input_file>
      <input_file id="fl-e6">
         <path>C:\ti\ccsv8\tools\compiler\ti-cgt-arm_18.1.4.LTS\lib\</path>
         <kind>archive</kind>
         <file>rtsv7R4_A_be_eabi.lib</file>
         <name>ltoa.c.obj</name>
      </input_file>
      <input_file id="fl-e7">
         <path>C:\ti\ccsv8\tools\compiler\ti-cgt-arm_18.1.4.LTS\lib\</path>
         <kind>archive</kind>
         <file>rtsv7R4_A_be_eabi.lib</file>
         <name>memccpy.c.obj</name>
      </input_file>
      <input_file id="fl-e8">
         <path>C:\ti\ccsv8\tools\compiler\ti-cgt-arm_18.1.4.LTS\lib\</path>
         <kind>archive</kind>
         <file>rtsv7R4_A_be_eabi.lib</file>
         <name>memchr.c.obj</name>
      </input_file>
      <input_file id="fl-e9">
         <path>C:\ti\ccsv8\tools\compiler\ti-cgt-arm_18.1.4.LTS\lib\</path>
         <kind>archive</kind>
         <file>rtsv7R4_A_be_eabi.lib</file>
         <name>strchr.c.obj</name>
      </input_file>
      <input_file id="fl-ea">
         <path>C:\ti\ccsv8\tools\compiler\ti-cgt-arm_18.1.4.LTS\lib\</path>
         <kind>archive</kind>
         <file>rtsv7R4_A_be_eabi.lib</file>
         <name>strlen.c.obj</name>
      </input_file>
      <input_file id="fl-eb">
         <path>C:\ti\ccsv8\tools\compiler\ti-cgt-arm_18.1.4.LTS\lib\</path>
         <kind>archive</kind>
         <file>rtsv7R4_A_be_eabi.lib</file>
         <name>hostopen.c.obj</name>
      </input_file>
      <input_file id="fl-ec">
         <path>C:\ti\ccsv8\tools\compiler\ti-cgt-arm_18.1.4.LTS\lib\</path>
         <kind>archive</kind>
         <file>rtsv7R4_A_be_eabi.lib</file>
         <name>write.c.obj</name>
      </input_file>
      <input_file id="fl-ed">
         <path>C:\ti\ccsv8\tools\compiler\ti-cgt-arm_18.1.4.LTS\lib\</path>
         <kind>archive</kind>
         <file>rtsv7R4_A_be_eabi.lib</file>
         <name>errno.c.obj</name>
      </input_file>
      <input_file id="fl-ee">
         <path>C:\ti\ccsv8\tools\compiler\ti-cgt-arm_18.1.4.LTS\lib\</path>
         <kind>archive</kind>
         <file>rtsv7R4_A_be_eabi.lib</file>
         <name>s_frexp.c.obj</name>
      </input_file>
      <input_file id="fl-ef">
         <path>C:\ti\ccsv8\tools\compiler\ti-cgt-arm_18.1.4.LTS\lib\</path>
         <kind>archive</kind>
         <file>rtsv7R4_A_be_eabi.lib</file>
         <name>s_scalbn.c.obj</name>
      </input_file>
      <input_file id="fl-f0">
         <path>C:\ti\ccsv8\tools\compiler\ti-cgt-arm_18.1.4.LTS\lib\</path>
         <kind>archive</kind>
         <file>rtsv7R4_A_be_eabi.lib</file>
         <name>wcslen.c.obj</name>
      </input_file>
      <input_file id="fl-f1">
         <path>C:\ti\ccsv8\tools\compiler\ti-cgt-arm_18.1.4.LTS\lib\</path>
         <kind>archive</kind>
         <file>rtsv7R4_A_be_eabi.lib</file>
         <name>u_div32.asm.obj</name>
      </input_file>
      <input_file id="fl-f2">
         <path>C:\ti\ccsv8\tools\compiler\ti-cgt-arm_18.1.4.LTS\lib\</path>
         <kind>archive</kind>
         <file>rtsv7R4_A_be_eabi.lib</file>
         <name>fd_add32.asm.obj</name>
      </input_file>
      <input_file id="fl-f3">
         <path>C:\ti\ccsv8\tools\compiler\ti-cgt-arm_18.1.4.LTS\lib\</path>
         <kind>archive</kind>
         <file>rtsv7R4_A_be_eabi.lib</file>
         <name>fd_cmp32.asm.obj</name>
      </input_file>
      <input_file id="fl-f4">
         <path>C:\ti\ccsv8\tools\compiler\ti-cgt-arm_18.1.4.LTS\lib\</path>
         <kind>archive</kind>
         <file>rtsv7R4_A_be_eabi.lib</file>
         <name>fd_div32.asm.obj</name>
      </input_file>
      <input_file id="fl-f5">
         <path>C:\ti\ccsv8\tools\compiler\ti-cgt-arm_18.1.4.LTS\lib\</path>
         <kind>archive</kind>
         <file>rtsv7R4_A_be_eabi.lib</file>
         <name>fd_mul32.asm.obj</name>
      </input_file>
      <input_file id="fl-f6">
         <path>C:\ti\ccsv8\tools\compiler\ti-cgt-arm_18.1.4.LTS\lib\</path>
         <kind>archive</kind>
         <file>rtsv7R4_A_be_eabi.lib</file>
         <name>fd_toi32.asm.obj</name>
      </input_file>
      <input_file id="fl-f7">
         <path>C:\ti\ccsv8\tools\compiler\ti-cgt-arm_18.1.4.LTS\lib\</path>
         <kind>archive</kind>
         <file>rtsv7R4_A_be_eabi.lib</file>
         <name>i_tofd32.asm.obj</name>
      </input_file>
      <input_file id="fl-f8">
         <path>C:\ti\ccsv8\tools\compiler\ti-cgt-arm_18.1.4.LTS\lib\</path>
         <kind>archive</kind>
         <file>rtsv7R4_A_be_eabi.lib</file>
         <name>ull_div32.asm.obj</name>
      </input_file>
      <input_file id="fl-f9">
         <path>C:\ti\ccsv8\tools\compiler\ti-cgt-arm_18.1.4.LTS\lib\</path>
         <kind>archive</kind>
         <file>rtsv7R4_A_be_eabi.lib</file>
         <name>_io_perm.c.obj</name>
      </input_file>
      <input_file id="fl-fa">
         <path>C:\ti\ccsv8\tools\compiler\ti-cgt-arm_18.1.4.LTS\lib\</path>
         <kind>archive</kind>
         <file>rtsv7R4_A_be_eabi.lib</file>
         <name>fflush.c.obj</name>
      </input_file>
      <input_file id="fl-fb">
         <path>C:\ti\ccsv8\tools\compiler\ti-cgt-arm_18.1.4.LTS\lib\</path>
         <kind>archive</kind>
         <file>rtsv7R4_A_be_eabi.lib</file>
         <name>fseek.c.obj</name>
      </input_file>
      <input_file id="fl-fc">
         <path>C:\ti\ccsv8\tools\compiler\ti-cgt-arm_18.1.4.LTS\lib\</path>
         <kind>archive</kind>
         <file>rtsv7R4_A_be_eabi.lib</file>
         <name>lseek.c.obj</name>
      </input_file>
      <input_file id="fl-fd">
         <path>C:\ti\ccsv8\tools\compiler\ti-cgt-arm_18.1.4.LTS\lib\</path>
         <kind>archive</kind>
         <file>rtsv7R4_A_be_eabi.lib</file>
         <name>setvbuf.c.obj</name>
      </input_file>
      <input_file id="fl-fe">
         <path>C:\ti\ccsv8\tools\compiler\ti-cgt-arm_18.1.4.LTS\lib\</path>
         <kind>archive</kind>
         <file>rtsv7R4_A_be_eabi.lib</file>
         <name>hostclose.c.obj</name>
      </input_file>
      <input_file id="fl-ff">
         <path>C:\ti\ccsv8\tools\compiler\ti-cgt-arm_18.1.4.LTS\lib\</path>
         <kind>archive</kind>
         <file>rtsv7R4_A_be_eabi.lib</file>
         <name>hostlseek.c.obj</name>
      </input_file>
      <input_file id="fl-100">
         <path>C:\ti\ccsv8\tools\compiler\ti-cgt-arm_18.1.4.LTS\lib\</path>
         <kind>archive</kind>
         <file>rtsv7R4_A_be_eabi.lib</file>
         <name>hostread.c.obj</name>
      </input_file>
      <input_file id="fl-101">
         <path>C:\ti\ccsv8\tools\compiler\ti-cgt-arm_18.1.4.LTS\lib\</path>
         <kind>archive</kind>
         <file>rtsv7R4_A_be_eabi.lib</file>
         <name>hostrename.c.obj</name>
      </input_file>
      <input_file id="fl-102">
         <path>C:\ti\ccsv8\tools\compiler\ti-cgt-arm_18.1.4.LTS\lib\</path>
         <kind>archive</kind>
         <file>rtsv7R4_A_be_eabi.lib</file>
         <name>hostunlink.c.obj</name>
      </input_file>
      <input_file id="fl-103">
         <path>C:\ti\ccsv8\tools\compiler\ti-cgt-arm_18.1.4.LTS\lib\</path>
         <kind>archive</kind>
         <file>rtsv7R4_A_be_eabi.lib</file>
         <name>hostwrite.c.obj</name>
      </input_file>
      <input_file id="fl-104">
         <path>C:\ti\ccsv8\tools\compiler\ti-cgt-arm_18.1.4.LTS\lib\</path>
         <kind>archive</kind>
         <file>rtsv7R4_A_be_eabi.lib</file>
         <name>s_copysign.c.obj</name>
      </input_file>
      <input_file id="fl-105">
         <path>C:\ti\ccsv8\tools\compiler\ti-cgt-arm_18.1.4.LTS\lib\</path>
         <kind>archive</kind>
         <file>rtsv7R4_A_be_eabi.lib</file>
         <name>fopen.c.obj</name>
      </input_file>
      <input_file id="fl-106">
         <path>C:\ti\ccsv8\tools\compiler\ti-cgt-arm_18.1.4.LTS\lib\</path>
         <kind>archive</kind>
         <file>rtsv7R4_A_be_eabi.lib</file>
         <name>open.c.obj</name>
      </input_file>
      <input_file id="fl-107">
         <path>C:\ti\ccsv8\tools\compiler\ti-cgt-arm_18.1.4.LTS\lib\</path>
         <kind>archive</kind>
         <file>rtsv7R4_A_be_eabi.lib</file>
         <name>strcpy.c.obj</name>
      </input_file>
      <input_file id="fl-108">
         <path>C:\ti\ccsv8\tools\compiler\ti-cgt-arm_18.1.4.LTS\lib\</path>
         <kind>archive</kind>
         <file>rtsv7R4_A_be_eabi.lib</file>
         <name>fclose.c.obj</name>
      </input_file>
      <input_file id="fl-109">
         <path>C:\ti\ccsv8\tools\compiler\ti-cgt-arm_18.1.4.LTS\lib\</path>
         <kind>archive</kind>
         <file>rtsv7R4_A_be_eabi.lib</file>
         <name>getdevice.c.obj</name>
      </input_file>
      <input_file id="fl-10a">
         <path>C:\ti\ccsv8\tools\compiler\ti-cgt-arm_18.1.4.LTS\lib\</path>
         <kind>archive</kind>
         <file>rtsv7R4_A_be_eabi.lib</file>
         <name>remove.c.obj</name>
      </input_file>
      <input_file id="fl-10b">
         <path>C:\ti\ccsv8\tools\compiler\ti-cgt-arm_18.1.4.LTS\lib\</path>
         <kind>archive</kind>
         <file>rtsv7R4_A_be_eabi.lib</file>
         <name>strcmp.c.obj</name>
      </input_file>
      <input_file id="fl-10c">
         <path>C:\ti\ccsv8\tools\compiler\ti-cgt-arm_18.1.4.LTS\lib\</path>
         <kind>archive</kind>
         <file>rtsv7R4_A_be_eabi.lib</file>
         <name>strncpy.c.obj</name>
      </input_file>
      <input_file id="fl-10d">
         <path>C:\ti\ccsv8\tools\compiler\ti-cgt-arm_18.1.4.LTS\lib\</path>
         <kind>archive</kind>
         <file>rtsv7R4_A_be_eabi.lib</file>
         <name>unlink.c.obj</name>
      </input_file>
      <input_file id="fl-10e">
         <path>C:\ti\ccsv8\tools\compiler\ti-cgt-arm_18.1.4.LTS\lib\</path>
         <kind>archive</kind>
         <file>rtsv7R4_A_be_eabi.lib</file>
         <name>close.c.obj</name>
      </input_file>
   </input_file_list>
   <object_component_list>
      <object_component id="oc-28">
         <name>.intvecs</name>
         <load_address>0x0</load_address>
         <run_address>0x0</run_address>
         <size>0x20</size>
         <input_file_ref idref="fl-d"/>
      </object_component>
      <object_component id="oc-70">
         <name>.text</name>
         <load_address>0x20</load_address>
         <run_address>0x20</run_address>
         <size>0x24f0</size>
         <input_file_ref idref="fl-12"/>
      </object_component>
      <object_component id="oc-1f0">
         <name>.text</name>
         <load_address>0x2510</load_address>
         <run_address>0x2510</run_address>
         <size>0x18e8</size>
         <input_file_ref idref="fl-6"/>
      </object_component>
      <object_component id="oc-1d1">
         <name>.text:__TI_printfi</name>
         <load_address>0x3df8</load_address>
         <run_address>0x3df8</run_address>
         <size>0xfd4</size>
         <input_file_ref idref="fl-e0"/>
      </object_component>
      <object_component id="oc-118">
         <name>.text</name>
         <load_address>0x4dcc</load_address>
         <run_address>0x4dcc</run_address>
         <size>0xef0</size>
         <input_file_ref idref="fl-7"/>
      </object_component>
      <object_component id="oc-6a">
         <name>.text</name>
         <load_address>0x5cbc</load_address>
         <run_address>0x5cbc</run_address>
         <size>0xa64</size>
         <input_file_ref idref="fl-15"/>
      </object_component>
      <object_component id="oc-37">
         <name>.text</name>
         <load_address>0x6720</load_address>
         <run_address>0x6720</run_address>
         <size>0x898</size>
         <input_file_ref idref="fl-14"/>
      </object_component>
      <object_component id="oc-76">
         <name>.text</name>
         <load_address>0x6fb8</load_address>
         <run_address>0x6fb8</run_address>
         <size>0x5bc</size>
         <input_file_ref idref="fl-5"/>
      </object_component>
      <object_component id="oc-25d">
         <name>.text:_pconv_a</name>
         <load_address>0x7574</load_address>
         <run_address>0x7574</run_address>
         <size>0x364</size>
         <input_file_ref idref="fl-e0"/>
      </object_component>
      <object_component id="oc-65">
         <name>.text</name>
         <load_address>0x78d8</load_address>
         <run_address>0x78d8</run_address>
         <size>0x2d0</size>
         <input_file_ref idref="fl-c"/>
      </object_component>
      <object_component id="oc-24b">
         <name>.text:_pconv_g</name>
         <load_address>0x7ba8</load_address>
         <run_address>0x7ba8</run_address>
         <size>0x2c0</size>
         <input_file_ref idref="fl-e0"/>
      </object_component>
      <object_component id="oc-322">
         <name>.text</name>
         <load_address>0x7e68</load_address>
         <run_address>0x7e68</run_address>
         <size>0x2b8</size>
         <input_file_ref idref="fl-f8"/>
      </object_component>
      <object_component id="oc-33">
         <name>.text:retain</name>
         <load_address>0x8120</load_address>
         <run_address>0x8120</run_address>
         <size>0x268</size>
         <input_file_ref idref="fl-14"/>
      </object_component>
      <object_component id="oc-34d">
         <name>.text</name>
         <load_address>0x8388</load_address>
         <run_address>0x8388</run_address>
         <size>0x214</size>
         <input_file_ref idref="fl-f2"/>
      </object_component>
      <object_component id="oc-19">
         <name>.text:retain</name>
         <load_address>0x859c</load_address>
         <run_address>0x859c</run_address>
         <size>0x208</size>
         <input_file_ref idref="fl-13"/>
      </object_component>
      <object_component id="oc-257">
         <name>.text:_pconv_e</name>
         <load_address>0x87a4</load_address>
         <run_address>0x87a4</run_address>
         <size>0x1b0</size>
         <input_file_ref idref="fl-e0"/>
      </object_component>
      <object_component id="oc-35f">
         <name>.text:fcvt</name>
         <load_address>0x8954</load_address>
         <run_address>0x8954</run_address>
         <size>0x1ac</size>
         <input_file_ref idref="fl-e0"/>
      </object_component>
      <object_component id="oc-28f">
         <name>.text:fputs</name>
         <load_address>0x8b00</load_address>
         <run_address>0x8b00</run_address>
         <size>0x1a4</size>
         <input_file_ref idref="fl-e5"/>
      </object_component>
      <object_component id="oc-333">
         <name>.text</name>
         <load_address>0x8ca4</load_address>
         <run_address>0x8ca4</run_address>
         <size>0x190</size>
         <input_file_ref idref="fl-f4"/>
      </object_component>
      <object_component id="oc-4d">
         <name>.text</name>
         <load_address>0x8e34</load_address>
         <run_address>0x8e34</run_address>
         <size>0x180</size>
         <input_file_ref idref="fl-df"/>
      </object_component>
      <object_component id="oc-1f6">
         <name>.text:free</name>
         <load_address>0x8fb4</load_address>
         <run_address>0x8fb4</run_address>
         <size>0x16c</size>
         <input_file_ref idref="fl-d7"/>
      </object_component>
      <object_component id="oc-446">
         <name>.text:setvbuf</name>
         <load_address>0x9120</load_address>
         <run_address>0x9120</run_address>
         <size>0x158</size>
         <input_file_ref idref="fl-fd"/>
      </object_component>
      <object_component id="oc-cc">
         <name>.text</name>
         <load_address>0x9278</load_address>
         <run_address>0x9278</run_address>
         <size>0x150</size>
         <input_file_ref idref="fl-b"/>
      </object_component>
      <object_component id="oc-32e">
         <name>.text</name>
         <load_address>0x93c8</load_address>
         <run_address>0x93c8</run_address>
         <size>0x128</size>
         <input_file_ref idref="fl-f5"/>
      </object_component>
      <object_component id="oc-373">
         <name>.text:scalbn</name>
         <load_address>0x94f0</load_address>
         <run_address>0x94f0</run_address>
         <size>0x120</size>
         <input_file_ref idref="fl-ef"/>
      </object_component>
      <object_component id="oc-240">
         <name>.text:_ltostr</name>
         <load_address>0x9610</load_address>
         <run_address>0x9610</run_address>
         <size>0x115</size>
         <input_file_ref idref="fl-e0"/>
      </object_component>
      <object_component id="oc-296">
         <name>.text:fputc</name>
         <load_address>0x9728</load_address>
         <run_address>0x9728</run_address>
         <size>0x100</size>
         <input_file_ref idref="fl-e4"/>
      </object_component>
      <object_component id="oc-1f">
         <name>.text:retain</name>
         <load_address>0x9828</load_address>
         <run_address>0x9828</run_address>
         <size>0xec</size>
         <input_file_ref idref="fl-5"/>
      </object_component>
      <object_component id="oc-94">
         <name>.text</name>
         <load_address>0x9914</load_address>
         <run_address>0x9914</run_address>
         <size>0xe8</size>
         <input_file_ref idref="fl-4"/>
      </object_component>
      <object_component id="oc-246">
         <name>.text:__aeabi_cdcmple</name>
         <load_address>0x99fc</load_address>
         <run_address>0x99fc</run_address>
         <size>0xe0</size>
         <input_file_ref idref="fl-f3"/>
      </object_component>
      <object_component id="oc-338">
         <name>.text:__aeabi_cdrcmple</name>
         <load_address>0x9adc</load_address>
         <run_address>0x9adc</run_address>
         <size>0xe0</size>
         <input_file_ref idref="fl-f3"/>
      </object_component>
      <object_component id="oc-d4">
         <name>.text</name>
         <load_address>0x9bbc</load_address>
         <run_address>0x9bbc</run_address>
         <size>0xe0</size>
         <input_file_ref idref="fl-11"/>
      </object_component>
      <object_component id="oc-2c5">
         <name>.text:malloc</name>
         <load_address>0x9c9c</load_address>
         <run_address>0x9c9c</run_address>
         <size>0xd0</size>
         <input_file_ref idref="fl-d7"/>
      </object_component>
      <object_component id="oc-7d">
         <name>.text</name>
         <load_address>0x9d6c</load_address>
         <run_address>0x9d6c</run_address>
         <size>0xcc</size>
         <input_file_ref idref="fl-8"/>
      </object_component>
      <object_component id="oc-358">
         <name>.text:_mcpy</name>
         <load_address>0x9e38</load_address>
         <run_address>0x9e38</run_address>
         <size>0xc8</size>
         <input_file_ref idref="fl-e0"/>
      </object_component>
      <object_component id="oc-4c9">
         <name>.text:__TI_closefile</name>
         <load_address>0x9f00</load_address>
         <run_address>0x9f00</run_address>
         <size>0xb8</size>
         <input_file_ref idref="fl-108"/>
      </object_component>
      <object_component id="oc-c5">
         <name>.text</name>
         <load_address>0x9fb8</load_address>
         <run_address>0x9fb8</run_address>
         <size>0xb0</size>
         <input_file_ref idref="fl-d0"/>
      </object_component>
      <object_component id="oc-4ed">
         <name>.text:HOSTlseek</name>
         <load_address>0xa068</load_address>
         <run_address>0xa068</run_address>
         <size>0xac</size>
         <input_file_ref idref="fl-ff"/>
      </object_component>
      <object_component id="oc-440">
         <name>.text:fseek</name>
         <load_address>0xa114</load_address>
         <run_address>0xa114</run_address>
         <size>0xa8</size>
         <input_file_ref idref="fl-fb"/>
      </object_component>
      <object_component id="oc-4f9">
         <name>.text:HOSTrename</name>
         <load_address>0xa1bc</load_address>
         <run_address>0xa1bc</run_address>
         <size>0xa4</size>
         <input_file_ref idref="fl-101"/>
      </object_component>
      <object_component id="oc-3a4">
         <name>.text:__TI_wrt_ok</name>
         <load_address>0xa260</load_address>
         <run_address>0xa260</run_address>
         <size>0xa0</size>
         <input_file_ref idref="fl-f9"/>
      </object_component>
      <object_component id="oc-112">
         <name>.text:printf</name>
         <load_address>0xa300</load_address>
         <run_address>0xa300</run_address>
         <size>0x9c</size>
         <input_file_ref idref="fl-d9"/>
      </object_component>
      <object_component id="oc-4d5">
         <name>.text:HOSTopen</name>
         <load_address>0xa39c</load_address>
         <run_address>0xa39c</run_address>
         <size>0x98</size>
         <input_file_ref idref="fl-eb"/>
      </object_component>
      <object_component id="oc-352">
         <name>.text:_ecpy</name>
         <load_address>0xa434</load_address>
         <run_address>0xa434</run_address>
         <size>0x98</size>
         <input_file_ref idref="fl-e0"/>
      </object_component>
      <object_component id="oc-507">
         <name>.text:close</name>
         <load_address>0xa4cc</load_address>
         <run_address>0xa4cc</run_address>
         <size>0x98</size>
         <input_file_ref idref="fl-10e"/>
      </object_component>
      <object_component id="oc-4e1">
         <name>.text:HOSTread</name>
         <load_address>0xa564</load_address>
         <run_address>0xa564</run_address>
         <size>0x90</size>
         <input_file_ref idref="fl-100"/>
      </object_component>
      <object_component id="oc-4e7">
         <name>.text:HOSTwrite</name>
         <load_address>0xa5f4</load_address>
         <run_address>0xa5f4</run_address>
         <size>0x90</size>
         <input_file_ref idref="fl-103"/>
      </object_component>
      <object_component id="oc-c">
         <name>.text:decompress:lzss:__TI_decompress_lzss</name>
         <load_address>0xa684</load_address>
         <run_address>0xa684</run_address>
         <size>0x90</size>
         <input_file_ref idref="fl-d5"/>
      </object_component>
      <object_component id="oc-1fc">
         <name>.text</name>
         <load_address>0xa714</load_address>
         <run_address>0xa714</run_address>
         <size>0x88</size>
         <input_file_ref idref="fl-9"/>
      </object_component>
      <object_component id="oc-3b0">
         <name>.text:__TI_doflush</name>
         <load_address>0xa79c</load_address>
         <run_address>0xa79c</run_address>
         <size>0x84</size>
         <input_file_ref idref="fl-fa"/>
      </object_component>
      <object_component id="oc-251">
         <name>.text:_pconv_f</name>
         <load_address>0xa820</load_address>
         <run_address>0xa820</run_address>
         <size>0x84</size>
         <input_file_ref idref="fl-e0"/>
      </object_component>
      <object_component id="oc-23a">
         <name>.text:atoi</name>
         <load_address>0xa8a4</load_address>
         <run_address>0xa8a4</run_address>
         <size>0x84</size>
         <input_file_ref idref="fl-e1"/>
      </object_component>
      <object_component id="oc-342">
         <name>.text:ltoa</name>
         <load_address>0xa928</load_address>
         <run_address>0xa928</run_address>
         <size>0x80</size>
         <input_file_ref idref="fl-e6"/>
      </object_component>
      <object_component id="oc-130">
         <name>.text:exit</name>
         <load_address>0xa9a8</load_address>
         <run_address>0xa9a8</run_address>
         <size>0x7c</size>
         <input_file_ref idref="fl-d6"/>
      </object_component>
      <object_component id="oc-36d">
         <name>.text:frexp</name>
         <load_address>0xaa24</load_address>
         <run_address>0xaa24</run_address>
         <size>0x7c</size>
         <input_file_ref idref="fl-ee"/>
      </object_component>
      <object_component id="oc-4db">
         <name>.text:HOSTclose</name>
         <load_address>0xaaa0</load_address>
         <run_address>0xaaa0</run_address>
         <size>0x74</size>
         <input_file_ref idref="fl-fe"/>
      </object_component>
      <object_component id="oc-4f3">
         <name>.text:HOSTunlink</name>
         <load_address>0xab14</load_address>
         <run_address>0xab14</run_address>
         <size>0x70</size>
         <input_file_ref idref="fl-102"/>
      </object_component>
      <object_component id="oc-3d7">
         <name>.text:HOSTtime</name>
         <load_address>0xab84</load_address>
         <run_address>0xab84</run_address>
         <size>0x6c</size>
         <input_file_ref idref="fl-dc"/>
      </object_component>
      <object_component id="oc-52d">
         <name>.text:getdevice</name>
         <load_address>0xabf0</load_address>
         <run_address>0xabf0</run_address>
         <size>0x6c</size>
         <input_file_ref idref="fl-109"/>
      </object_component>
      <object_component id="oc-2f0">
         <name>.text:minsert</name>
         <load_address>0xac5c</load_address>
         <run_address>0xac5c</run_address>
         <size>0x6c</size>
         <input_file_ref idref="fl-d7"/>
      </object_component>
      <object_component id="oc-e2">
         <name>.text:__TI_auto_init_nobinit_nopinit:__TI_auto_init_nobinit_nopinit</name>
         <load_address>0xacc8</load_address>
         <run_address>0xacc8</run_address>
         <size>0x68</size>
         <input_file_ref idref="fl-d1"/>
      </object_component>
      <object_component id="oc-365">
         <name>.text:_fcpy</name>
         <load_address>0xad30</load_address>
         <run_address>0xad30</run_address>
         <size>0x64</size>
         <input_file_ref idref="fl-e0"/>
      </object_component>
      <object_component id="oc-2e4">
         <name>.text:minit</name>
         <load_address>0xad94</load_address>
         <run_address>0xad94</run_address>
         <size>0x5c</size>
         <input_file_ref idref="fl-d7"/>
      </object_component>
      <object_component id="oc-33d">
         <name>.text</name>
         <load_address>0xadf0</load_address>
         <run_address>0xadf0</run_address>
         <size>0x5c</size>
         <input_file_ref idref="fl-f6"/>
      </object_component>
      <object_component id="oc-85">
         <name>.text</name>
         <load_address>0xae4c</load_address>
         <run_address>0xae4c</run_address>
         <size>0x58</size>
         <input_file_ref idref="fl-a"/>
      </object_component>
      <object_component id="oc-494">
         <name>.text:__TI_cleanup</name>
         <load_address>0xaea4</load_address>
         <run_address>0xaea4</run_address>
         <size>0x54</size>
         <input_file_ref idref="fl-105"/>
      </object_component>
      <object_component id="oc-461">
         <name>.text:__TI_readmsg</name>
         <load_address>0xaef8</load_address>
         <run_address>0xaef8</run_address>
         <size>0x54</size>
         <input_file_ref idref="fl-dd"/>
      </object_component>
      <object_component id="oc-45b">
         <name>.text:__TI_writemsg</name>
         <load_address>0xaf4c</load_address>
         <run_address>0xaf4c</run_address>
         <size>0x54</size>
         <input_file_ref idref="fl-dd"/>
      </object_component>
      <object_component id="oc-54d">
         <name>.text:finddevice</name>
         <load_address>0xafa0</load_address>
         <run_address>0xafa0</run_address>
         <size>0x54</size>
         <input_file_ref idref="fl-109"/>
      </object_component>
      <object_component id="oc-2dd">
         <name>.text</name>
         <load_address>0xaff4</load_address>
         <run_address>0xaff4</run_address>
         <size>0x54</size>
         <input_file_ref idref="fl-cf"/>
      </object_component>
      <object_component id="oc-327">
         <name>.text</name>
         <load_address>0xb048</load_address>
         <run_address>0xb048</run_address>
         <size>0x50</size>
         <input_file_ref idref="fl-f1"/>
      </object_component>
      <object_component id="oc-2d7">
         <name>.text:rand</name>
         <load_address>0xb098</load_address>
         <run_address>0xb098</run_address>
         <size>0x4c</size>
         <input_file_ref idref="fl-da"/>
      </object_component>
      <object_component id="oc-2ea">
         <name>.text:mremove</name>
         <load_address>0xb0e4</load_address>
         <run_address>0xb0e4</run_address>
         <size>0x48</size>
         <input_file_ref idref="fl-d7"/>
      </object_component>
      <object_component id="oc-547">
         <name>.text:strncpy</name>
         <load_address>0xb12c</load_address>
         <run_address>0xb12c</run_address>
         <size>0x48</size>
         <input_file_ref idref="fl-10c"/>
      </object_component>
      <object_component id="oc-50d">
         <name>.text:unlink</name>
         <load_address>0xb174</load_address>
         <run_address>0xb174</run_address>
         <size>0x48</size>
         <input_file_ref idref="fl-10d"/>
      </object_component>
      <object_component id="oc-48c">
         <name>.text:lseek</name>
         <load_address>0xb1bc</load_address>
         <run_address>0xb1bc</run_address>
         <size>0x44</size>
         <input_file_ref idref="fl-fc"/>
      </object_component>
      <object_component id="oc-3b6">
         <name>.text:write</name>
         <load_address>0xb200</load_address>
         <run_address>0xb200</run_address>
         <size>0x44</size>
         <input_file_ref idref="fl-ec"/>
      </object_component>
      <object_component id="oc-348">
         <name>.text</name>
         <load_address>0xb244</load_address>
         <run_address>0xb244</run_address>
         <size>0x3c</size>
         <input_file_ref idref="fl-f7"/>
      </object_component>
      <object_component id="oc-2d1">
         <name>.text:srand</name>
         <load_address>0xb280</load_address>
         <run_address>0xb280</run_address>
         <size>0x38</size>
         <input_file_ref idref="fl-da"/>
      </object_component>
      <object_component id="oc-263">
         <name>.text:memccpy</name>
         <load_address>0xb2b8</load_address>
         <run_address>0xb2b8</run_address>
         <size>0x2c</size>
         <input_file_ref idref="fl-e7"/>
      </object_component>
      <object_component id="oc-3aa">
         <name>.text:memchr</name>
         <load_address>0xb2e4</load_address>
         <run_address>0xb2e4</run_address>
         <size>0x2c</size>
         <input_file_ref idref="fl-e8"/>
      </object_component>
      <object_component id="oc-379">
         <name>.text:strchr</name>
         <load_address>0xb310</load_address>
         <run_address>0xb310</run_address>
         <size>0x28</size>
         <input_file_ref idref="fl-e9"/>
      </object_component>
      <object_component id="oc-560">
         <name>.text:strcmp</name>
         <load_address>0xb338</load_address>
         <run_address>0xb338</run_address>
         <size>0x28</size>
         <input_file_ref idref="fl-10b"/>
      </object_component>
      <object_component id="oc-269">
         <name>.text:wcslen</name>
         <load_address>0xb360</load_address>
         <run_address>0xb360</run_address>
         <size>0x24</size>
         <input_file_ref idref="fl-f0"/>
      </object_component>
      <object_component id="oc-59">
         <name>.text:decompress:ZI:__TI_zero_init_nomemset:__TI_zero_init_nomemset</name>
         <load_address>0xb384</load_address>
         <run_address>0xb384</run_address>
         <size>0x20</size>
         <input_file_ref idref="fl-d3"/>
      </object_component>
      <object_component id="oc-234">
         <name>.text:strlen</name>
         <load_address>0xb3a4</load_address>
         <run_address>0xb3a4</run_address>
         <size>0x20</size>
         <input_file_ref idref="fl-ea"/>
      </object_component>
      <object_component id="oc-2cb">
         <name>.text:__time32</name>
         <load_address>0xb3c4</load_address>
         <run_address>0xb3c4</run_address>
         <size>0x18</size>
         <input_file_ref idref="fl-db"/>
      </object_component>
      <object_component id="oc-523">
         <name>.text:strcpy</name>
         <load_address>0xb3dc</load_address>
         <run_address>0xb3dc</run_address>
         <size>0x18</size>
         <input_file_ref idref="fl-107"/>
      </object_component>
      <object_component id="oc-12">
         <name>.text:decompress:none:__TI_decompress_none</name>
         <load_address>0xb3f4</load_address>
         <run_address>0xb3f4</run_address>
         <size>0x14</size>
         <input_file_ref idref="fl-d4"/>
      </object_component>
      <object_component id="oc-26f">
         <name>.text:__aeabi_errno_addr</name>
         <load_address>0xb408</load_address>
         <run_address>0xb408</run_address>
         <size>0xc</size>
         <input_file_ref idref="fl-ed"/>
      </object_component>
      <object_component id="oc-424">
         <name>.text:copysign</name>
         <load_address>0xb414</load_address>
         <run_address>0xb414</run_address>
         <size>0xc</size>
         <input_file_ref idref="fl-104"/>
      </object_component>
      <object_component id="oc-12a">
         <name>.text:abort:abort</name>
         <load_address>0xb420</load_address>
         <run_address>0xb420</run_address>
         <size>0x8</size>
         <input_file_ref idref="fl-d6"/>
      </object_component>
      <object_component id="oc-281">
         <name>.text:_nop</name>
         <load_address>0xb428</load_address>
         <run_address>0xb428</run_address>
         <size>0x4</size>
         <input_file_ref idref="fl-d8"/>
      </object_component>
      <object_component id="oc-1e3">
         <name>.text:_outc</name>
         <load_address>0xb42c</load_address>
         <run_address>0xb42c</run_address>
         <size>0x4</size>
         <input_file_ref idref="fl-d9"/>
      </object_component>
      <object_component id="oc-1dd">
         <name>.text:_outs</name>
         <load_address>0xb430</load_address>
         <run_address>0xb430</run_address>
         <size>0x4</size>
         <input_file_ref idref="fl-d9"/>
      </object_component>
      <object_component id="oc-2d">
         <name>.text:retain</name>
         <load_address>0xb434</load_address>
         <run_address>0xb434</run_address>
         <size>0x4</size>
         <input_file_ref idref="fl-10"/>
      </object_component>
      <object_component id="oc-3ea">
         <name>.text</name>
         <load_address>0xb438</load_address>
         <run_address>0xb438</run_address>
         <size>0x4</size>
         <input_file_ref idref="fl-de"/>
      </object_component>
      <object_component id="oc-25">
         <name>.const:s_vim_init</name>
         <load_address>0xb43c</load_address>
         <run_address>0xb43c</run_address>
         <size>0x180</size>
         <input_file_ref idref="fl-14"/>
      </object_component>
      <object_component id="oc-31d">
         <name>.const:.string:_ctypes_</name>
         <load_address>0xb5bc</load_address>
         <run_address>0xb5bc</run_address>
         <size>0x101</size>
         <input_file_ref idref="fl-e2"/>
      </object_component>
      <object_component id="oc-2a4">
         <name>.const:$P$T0$1</name>
         <load_address>0xb6c0</load_address>
         <run_address>0xb6c0</run_address>
         <size>0x20</size>
         <input_file_ref idref="fl-6"/>
      </object_component>
      <object_component id="oc-2a7">
         <name>.const:$P$T1$2</name>
         <load_address>0xb6e0</load_address>
         <run_address>0xb6e0</run_address>
         <size>0x20</size>
         <input_file_ref idref="fl-6"/>
      </object_component>
      <object_component id="oc-2aa">
         <name>.const:$P$T2$3</name>
         <load_address>0xb700</load_address>
         <run_address>0xb700</run_address>
         <size>0x20</size>
         <input_file_ref idref="fl-6"/>
      </object_component>
      <object_component id="oc-2c2">
         <name>.const:$P$T10$11</name>
         <load_address>0xb720</load_address>
         <run_address>0xb720</run_address>
         <size>0x14</size>
         <input_file_ref idref="fl-6"/>
      </object_component>
      <object_component id="oc-2ad">
         <name>.const:$P$T3$4</name>
         <load_address>0xb734</load_address>
         <run_address>0xb734</run_address>
         <size>0x14</size>
         <input_file_ref idref="fl-6"/>
      </object_component>
      <object_component id="oc-2b0">
         <name>.const:$P$T4$5</name>
         <load_address>0xb748</load_address>
         <run_address>0xb748</run_address>
         <size>0x14</size>
         <input_file_ref idref="fl-6"/>
      </object_component>
      <object_component id="oc-2b9">
         <name>.const:$P$T7$8</name>
         <load_address>0xb75c</load_address>
         <run_address>0xb75c</run_address>
         <size>0x14</size>
         <input_file_ref idref="fl-6"/>
      </object_component>
      <object_component id="oc-2b3">
         <name>.const:$P$T5$6</name>
         <load_address>0xb770</load_address>
         <run_address>0xb770</run_address>
         <size>0xc</size>
         <input_file_ref idref="fl-6"/>
      </object_component>
      <object_component id="oc-2b6">
         <name>.const:$P$T6$7</name>
         <load_address>0xb77c</load_address>
         <run_address>0xb77c</run_address>
         <size>0xc</size>
         <input_file_ref idref="fl-6"/>
      </object_component>
      <object_component id="oc-2bc">
         <name>.const:$P$T8$9</name>
         <load_address>0xb788</load_address>
         <run_address>0xb788</run_address>
         <size>0xc</size>
         <input_file_ref idref="fl-6"/>
      </object_component>
      <object_component id="oc-2bf">
         <name>.const:$P$T9$10</name>
         <load_address>0xb794</load_address>
         <run_address>0xb794</run_address>
         <size>0xc</size>
         <input_file_ref idref="fl-6"/>
      </object_component>
      <object_component id="oc-594">
         <name>.cinit..data.load</name>
         <load_address>0xb7a0</load_address>
         <run_address>0xb7a0</run_address>
         <size>0x6d</size>
      </object_component>
      <object_component id="oc-591">
         <name>__TI_handler_table</name>
         <load_address>0xb810</load_address>
         <run_address>0xb810</run_address>
         <size>0xc</size>
      </object_component>
      <object_component id="oc-593">
         <name>.cinit..bss.load</name>
         <load_address>0xb820</load_address>
         <run_address>0xb820</run_address>
         <size>0x8</size>
      </object_component>
      <object_component id="oc-592">
         <name>__TI_cinit_table</name>
         <load_address>0xb828</load_address>
         <run_address>0xb828</run_address>
         <size>0x10</size>
      </object_component>
      <object_component id="oc-4b8">
         <name>.bss:_CIOBUF_</name>
         <uninitialized>true</uninitialized>
         <run_address>0x8001ef8</run_address>
         <size>0x120</size>
         <input_file_ref idref="fl-dd"/>
      </object_component>
      <object_component id="oc-202">
         <name>.common:matnew</name>
         <uninitialized>true</uninitialized>
         <run_address>0x80020c0</run_address>
         <size>0x4</size>
      </object_component>
      <object_component id="oc-513">
         <name>.common:__TI_tmpnams</name>
         <uninitialized>true</uninitialized>
         <run_address>0x8002018</run_address>
         <size>0xa0</size>
      </object_component>
      <object_component id="oc-467">
         <name>.common:parmbuf</name>
         <uninitialized>true</uninitialized>
         <run_address>0x80020b8</run_address>
         <size>0x8</size>
      </object_component>
      <object_component id="oc-205">
         <name>.data:vet_error_hex</name>
         <load_address>0x8001ee8</load_address>
         <run_address>0x8001ee8</run_address>
         <size>0x5</size>
         <input_file_ref idref="fl-7"/>
      </object_component>
      <object_component id="oc-212">
         <name>.data:$O1$$</name>
         <load_address>0x8001ec8</load_address>
         <run_address>0x8001ec8</run_address>
         <size>0xc</size>
         <input_file_ref idref="fl-d6"/>
      </object_component>
      <object_component id="oc-2f6">
         <name>.data:$O1$$</name>
         <load_address>0x8001ed4</load_address>
         <run_address>0x8001ed4</run_address>
         <size>0xc</size>
         <input_file_ref idref="fl-d7"/>
      </object_component>
      <object_component id="oc-1d7">
         <name>.data:$O1$$</name>
         <load_address>0x8001ee0</load_address>
         <run_address>0x8001ee0</run_address>
         <size>0x8</size>
         <input_file_ref idref="fl-d8"/>
      </object_component>
      <object_component id="oc-3e4">
         <name>.data</name>
         <load_address>0x8001ef4</load_address>
         <run_address>0x8001ef4</run_address>
         <size>0x4</size>
         <input_file_ref idref="fl-da"/>
      </object_component>
      <object_component id="oc-1da">
         <name>.data:_ftable</name>
         <load_address>0x8001d00</load_address>
         <run_address>0x8001d00</run_address>
         <size>0xf0</size>
         <input_file_ref idref="fl-e3"/>
      </object_component>
      <object_component id="oc-4cf">
         <name>.data</name>
         <load_address>0x8001eb8</load_address>
         <run_address>0x8001eb8</run_address>
         <size>0x10</size>
         <input_file_ref idref="fl-e3"/>
      </object_component>
      <object_component id="oc-4a7">
         <name>.data:_device</name>
         <load_address>0x8001df0</load_address>
         <run_address>0x8001df0</run_address>
         <size>0x78</size>
         <input_file_ref idref="fl-ec"/>
      </object_component>
      <object_component id="oc-452">
         <name>.data:_stream</name>
         <load_address>0x8001e68</load_address>
         <run_address>0x8001e68</run_address>
         <size>0x50</size>
         <input_file_ref idref="fl-ec"/>
      </object_component>
      <object_component id="oc-389">
         <name>.data</name>
         <load_address>0x8001ef0</load_address>
         <run_address>0x8001ef0</run_address>
         <size>0x4</size>
         <input_file_ref idref="fl-ed"/>
      </object_component>
      <object_component id="oc-3f">
         <name>.sysmem</name>
         <uninitialized>true</uninitialized>
         <run_address>0x8001500</run_address>
         <size>0x8</size>
         <input_file_ref idref="fl-d7"/>
      </object_component>
      <object_component id="oc-595">
         <name>.sysmem</name>
         <uninitialized>true</uninitialized>
         <run_address>0x8001500</run_address>
         <size>0x0</size>
      </object_component>
      <object_component id="oc-210">
         <name>.debug_info</name>
         <load_address>0x0</load_address>
         <run_address>0x0</run_address>
         <size>0x235</size>
         <input_file_ref idref="fl-2"/>
      </object_component>
      <object_component id="oc-125">
         <name>.debug_info</name>
         <load_address>0x235</load_address>
         <run_address>0x235</run_address>
         <size>0xc7</size>
         <input_file_ref idref="fl-2"/>
      </object_component>
      <object_component id="oc-139">
         <name>.debug_info</name>
         <load_address>0x2fc</load_address>
         <run_address>0x2fc</run_address>
         <size>0x26b</size>
         <input_file_ref idref="fl-2"/>
      </object_component>
      <object_component id="oc-48">
         <name>.debug_info</name>
         <load_address>0x567</load_address>
         <run_address>0x567</run_address>
         <size>0x84</size>
         <input_file_ref idref="fl-2"/>
      </object_component>
      <object_component id="oc-20b">
         <name>.debug_info</name>
         <load_address>0x5eb</load_address>
         <run_address>0x5eb</run_address>
         <size>0x297</size>
         <input_file_ref idref="fl-2"/>
      </object_component>
      <object_component id="oc-120">
         <name>.debug_info</name>
         <load_address>0x882</load_address>
         <run_address>0x882</run_address>
         <size>0xbb</size>
         <input_file_ref idref="fl-2"/>
      </object_component>
      <object_component id="oc-97">
         <name>.debug_info</name>
         <load_address>0x93d</load_address>
         <run_address>0x93d</run_address>
         <size>0xe6</size>
         <input_file_ref idref="fl-4"/>
      </object_component>
      <object_component id="oc-e1">
         <name>.debug_info</name>
         <load_address>0xa23</load_address>
         <run_address>0xa23</run_address>
         <size>0x1cc</size>
         <input_file_ref idref="fl-5"/>
      </object_component>
      <object_component id="oc-77">
         <name>.debug_info</name>
         <load_address>0xbef</load_address>
         <run_address>0xbef</run_address>
         <size>0xb0f</size>
         <input_file_ref idref="fl-5"/>
      </object_component>
      <object_component id="oc-20">
         <name>.debug_info</name>
         <load_address>0x16fe</load_address>
         <run_address>0x16fe</run_address>
         <size>0x16f</size>
         <input_file_ref idref="fl-5"/>
      </object_component>
      <object_component id="oc-8c">
         <name>.debug_info</name>
         <load_address>0x186d</load_address>
         <run_address>0x186d</run_address>
         <size>0x157</size>
         <input_file_ref idref="fl-5"/>
      </object_component>
      <object_component id="oc-a2">
         <name>.debug_info</name>
         <load_address>0x19c4</load_address>
         <run_address>0x19c4</run_address>
         <size>0x8b</size>
         <input_file_ref idref="fl-5"/>
      </object_component>
      <object_component id="oc-9d">
         <name>.debug_info</name>
         <load_address>0x1a4f</load_address>
         <run_address>0x1a4f</run_address>
         <size>0x18c</size>
         <input_file_ref idref="fl-5"/>
      </object_component>
      <object_component id="oc-a7">
         <name>.debug_info</name>
         <load_address>0x1bdb</load_address>
         <run_address>0x1bdb</run_address>
         <size>0x86</size>
         <input_file_ref idref="fl-5"/>
      </object_component>
      <object_component id="oc-13e">
         <name>.debug_info</name>
         <load_address>0x1c61</load_address>
         <run_address>0x1c61</run_address>
         <size>0x1de</size>
         <input_file_ref idref="fl-5"/>
      </object_component>
      <object_component id="oc-dc">
         <name>.debug_info</name>
         <load_address>0x1e3f</load_address>
         <run_address>0x1e3f</run_address>
         <size>0x129</size>
         <input_file_ref idref="fl-5"/>
      </object_component>
      <object_component id="oc-157">
         <name>.debug_info</name>
         <load_address>0x1f68</load_address>
         <run_address>0x1f68</run_address>
         <size>0x2cf</size>
         <input_file_ref idref="fl-5"/>
      </object_component>
      <object_component id="oc-2e3">
         <name>.debug_info</name>
         <load_address>0x2237</load_address>
         <run_address>0x2237</run_address>
         <size>0x24b</size>
         <input_file_ref idref="fl-6"/>
      </object_component>
      <object_component id="oc-2a5">
         <name>.debug_info</name>
         <load_address>0x2482</load_address>
         <run_address>0x2482</run_address>
         <size>0xc2</size>
         <input_file_ref idref="fl-6"/>
      </object_component>
      <object_component id="oc-2a8">
         <name>.debug_info</name>
         <load_address>0x2544</load_address>
         <run_address>0x2544</run_address>
         <size>0xc2</size>
         <input_file_ref idref="fl-6"/>
      </object_component>
      <object_component id="oc-2ab">
         <name>.debug_info</name>
         <load_address>0x2606</load_address>
         <run_address>0x2606</run_address>
         <size>0xc2</size>
         <input_file_ref idref="fl-6"/>
      </object_component>
      <object_component id="oc-2ae">
         <name>.debug_info</name>
         <load_address>0x26c8</load_address>
         <run_address>0x26c8</run_address>
         <size>0xc2</size>
         <input_file_ref idref="fl-6"/>
      </object_component>
      <object_component id="oc-2b1">
         <name>.debug_info</name>
         <load_address>0x278a</load_address>
         <run_address>0x278a</run_address>
         <size>0xc2</size>
         <input_file_ref idref="fl-6"/>
      </object_component>
      <object_component id="oc-2b4">
         <name>.debug_info</name>
         <load_address>0x284c</load_address>
         <run_address>0x284c</run_address>
         <size>0xc2</size>
         <input_file_ref idref="fl-6"/>
      </object_component>
      <object_component id="oc-2b7">
         <name>.debug_info</name>
         <load_address>0x290e</load_address>
         <run_address>0x290e</run_address>
         <size>0xc2</size>
         <input_file_ref idref="fl-6"/>
      </object_component>
      <object_component id="oc-2ba">
         <name>.debug_info</name>
         <load_address>0x29d0</load_address>
         <run_address>0x29d0</run_address>
         <size>0xc2</size>
         <input_file_ref idref="fl-6"/>
      </object_component>
      <object_component id="oc-2bd">
         <name>.debug_info</name>
         <load_address>0x2a92</load_address>
         <run_address>0x2a92</run_address>
         <size>0xc2</size>
         <input_file_ref idref="fl-6"/>
      </object_component>
      <object_component id="oc-2c0">
         <name>.debug_info</name>
         <load_address>0x2b54</load_address>
         <run_address>0x2b54</run_address>
         <size>0xc4</size>
         <input_file_ref idref="fl-6"/>
      </object_component>
      <object_component id="oc-2c3">
         <name>.debug_info</name>
         <load_address>0x2c18</load_address>
         <run_address>0x2c18</run_address>
         <size>0xc6</size>
         <input_file_ref idref="fl-6"/>
      </object_component>
      <object_component id="oc-1f3">
         <name>.debug_info</name>
         <load_address>0x2cde</load_address>
         <run_address>0x2cde</run_address>
         <size>0xe4a</size>
         <input_file_ref idref="fl-6"/>
      </object_component>
      <object_component id="oc-3f2">
         <name>.debug_info</name>
         <load_address>0x3b28</load_address>
         <run_address>0x3b28</run_address>
         <size>0x189</size>
         <input_file_ref idref="fl-6"/>
      </object_component>
      <object_component id="oc-3fc">
         <name>.debug_info</name>
         <load_address>0x3cb1</load_address>
         <run_address>0x3cb1</run_address>
         <size>0xcc</size>
         <input_file_ref idref="fl-6"/>
      </object_component>
      <object_component id="oc-1eb">
         <name>.debug_info</name>
         <load_address>0x3d7d</load_address>
         <run_address>0x3d7d</run_address>
         <size>0x2c</size>
         <input_file_ref idref="fl-6"/>
      </object_component>
      <object_component id="oc-3f7">
         <name>.debug_info</name>
         <load_address>0x3da9</load_address>
         <run_address>0x3da9</run_address>
         <size>0x35</size>
         <input_file_ref idref="fl-6"/>
      </object_component>
      <object_component id="oc-203">
         <name>.debug_info</name>
         <load_address>0x3dde</load_address>
         <run_address>0x3dde</run_address>
         <size>0x2f4</size>
         <input_file_ref idref="fl-7"/>
      </object_component>
      <object_component id="oc-206">
         <name>.debug_info</name>
         <load_address>0x40d2</load_address>
         <run_address>0x40d2</run_address>
         <size>0xd1</size>
         <input_file_ref idref="fl-7"/>
      </object_component>
      <object_component id="oc-11a">
         <name>.debug_info</name>
         <load_address>0x41a3</load_address>
         <run_address>0x41a3</run_address>
         <size>0x51f</size>
         <input_file_ref idref="fl-7"/>
      </object_component>
      <object_component id="oc-11f">
         <name>.debug_info</name>
         <load_address>0x46c2</load_address>
         <run_address>0x46c2</run_address>
         <size>0x1c6</size>
         <input_file_ref idref="fl-8"/>
      </object_component>
      <object_component id="oc-7e">
         <name>.debug_info</name>
         <load_address>0x4888</load_address>
         <run_address>0x4888</run_address>
         <size>0x1e3</size>
         <input_file_ref idref="fl-8"/>
      </object_component>
      <object_component id="oc-2fb">
         <name>.debug_info</name>
         <load_address>0x4a6b</load_address>
         <run_address>0x4a6b</run_address>
         <size>0x138</size>
         <input_file_ref idref="fl-9"/>
      </object_component>
      <object_component id="oc-1fd">
         <name>.debug_info</name>
         <load_address>0x4ba3</load_address>
         <run_address>0x4ba3</run_address>
         <size>0x2d6</size>
         <input_file_ref idref="fl-9"/>
      </object_component>
      <object_component id="oc-218">
         <name>.debug_info</name>
         <load_address>0x4e79</load_address>
         <run_address>0x4e79</run_address>
         <size>0x2de</size>
         <input_file_ref idref="fl-a"/>
      </object_component>
      <object_component id="oc-86">
         <name>.debug_info</name>
         <load_address>0x5157</load_address>
         <run_address>0x5157</run_address>
         <size>0x4bb</size>
         <input_file_ref idref="fl-a"/>
      </object_component>
      <object_component id="oc-181">
         <name>.debug_info</name>
         <load_address>0x5612</load_address>
         <run_address>0x5612</run_address>
         <size>0x791</size>
         <input_file_ref idref="fl-a"/>
      </object_component>
      <object_component id="oc-186">
         <name>.debug_info</name>
         <load_address>0x5da3</load_address>
         <run_address>0x5da3</run_address>
         <size>0x4de</size>
         <input_file_ref idref="fl-a"/>
      </object_component>
      <object_component id="oc-18b">
         <name>.debug_info</name>
         <load_address>0x6281</load_address>
         <run_address>0x6281</run_address>
         <size>0x3ce</size>
         <input_file_ref idref="fl-a"/>
      </object_component>
      <object_component id="oc-175">
         <name>.debug_info</name>
         <load_address>0x664f</load_address>
         <run_address>0x664f</run_address>
         <size>0x2c</size>
         <input_file_ref idref="fl-a"/>
      </object_component>
      <object_component id="oc-190">
         <name>.debug_info</name>
         <load_address>0x667b</load_address>
         <run_address>0x667b</run_address>
         <size>0x437</size>
         <input_file_ref idref="fl-a"/>
      </object_component>
      <object_component id="oc-1bb">
         <name>.debug_info</name>
         <load_address>0x6ab2</load_address>
         <run_address>0x6ab2</run_address>
         <size>0x37b</size>
         <input_file_ref idref="fl-a"/>
      </object_component>
      <object_component id="oc-195">
         <name>.debug_info</name>
         <load_address>0x6e2d</load_address>
         <run_address>0x6e2d</run_address>
         <size>0x1ca</size>
         <input_file_ref idref="fl-a"/>
      </object_component>
      <object_component id="oc-143">
         <name>.debug_info</name>
         <load_address>0x6ff7</load_address>
         <run_address>0x6ff7</run_address>
         <size>0x435</size>
         <input_file_ref idref="fl-a"/>
      </object_component>
      <object_component id="oc-1ae">
         <name>.debug_info</name>
         <load_address>0x742c</load_address>
         <run_address>0x742c</run_address>
         <size>0x510</size>
         <input_file_ref idref="fl-a"/>
      </object_component>
      <object_component id="oc-148">
         <name>.debug_info</name>
         <load_address>0x793c</load_address>
         <run_address>0x793c</run_address>
         <size>0x1f9</size>
         <input_file_ref idref="fl-a"/>
      </object_component>
      <object_component id="oc-19a">
         <name>.debug_info</name>
         <load_address>0x7b35</load_address>
         <run_address>0x7b35</run_address>
         <size>0x3d3</size>
         <input_file_ref idref="fl-a"/>
      </object_component>
      <object_component id="oc-1a4">
         <name>.debug_info</name>
         <load_address>0x7f08</load_address>
         <run_address>0x7f08</run_address>
         <size>0x1de</size>
         <input_file_ref idref="fl-a"/>
      </object_component>
      <object_component id="oc-1b3">
         <name>.debug_info</name>
         <load_address>0x80e6</load_address>
         <run_address>0x80e6</run_address>
         <size>0x17a</size>
         <input_file_ref idref="fl-a"/>
      </object_component>
      <object_component id="oc-14d">
         <name>.debug_info</name>
         <load_address>0x8260</load_address>
         <run_address>0x8260</run_address>
         <size>0x642</size>
         <input_file_ref idref="fl-a"/>
      </object_component>
      <object_component id="oc-152">
         <name>.debug_info</name>
         <load_address>0x88a2</load_address>
         <run_address>0x88a2</run_address>
         <size>0x13e</size>
         <input_file_ref idref="fl-a"/>
      </object_component>
      <object_component id="oc-17e">
         <name>.debug_info</name>
         <load_address>0x89e0</load_address>
         <run_address>0x89e0</run_address>
         <size>0x136</size>
         <input_file_ref idref="fl-b"/>
      </object_component>
      <object_component id="oc-cf">
         <name>.debug_info</name>
         <load_address>0x8b16</load_address>
         <run_address>0x8b16</run_address>
         <size>0x1c9</size>
         <input_file_ref idref="fl-b"/>
      </object_component>
      <object_component id="oc-19f">
         <name>.debug_info</name>
         <load_address>0x8cdf</load_address>
         <run_address>0x8cdf</run_address>
         <size>0x1d8</size>
         <input_file_ref idref="fl-b"/>
      </object_component>
      <object_component id="oc-21b">
         <name>.debug_info</name>
         <load_address>0x8eb7</load_address>
         <run_address>0x8eb7</run_address>
         <size>0xc6</size>
         <input_file_ref idref="fl-b"/>
      </object_component>
      <object_component id="oc-66">
         <name>.debug_info</name>
         <load_address>0x8f7d</load_address>
         <run_address>0x8f7d</run_address>
         <size>0x767</size>
         <input_file_ref idref="fl-c"/>
      </object_component>
      <object_component id="oc-2a">
         <name>.debug_info</name>
         <load_address>0x96e4</load_address>
         <run_address>0x96e4</run_address>
         <size>0xee</size>
         <input_file_ref idref="fl-d"/>
      </object_component>
      <object_component id="oc-220">
         <name>.debug_info</name>
         <load_address>0x97d2</load_address>
         <run_address>0x97d2</run_address>
         <size>0x155</size>
         <input_file_ref idref="fl-f"/>
      </object_component>
      <object_component id="oc-30a">
         <name>.debug_info</name>
         <load_address>0x9927</load_address>
         <run_address>0x9927</run_address>
         <size>0x242</size>
         <input_file_ref idref="fl-f"/>
      </object_component>
      <object_component id="oc-1a9">
         <name>.debug_info</name>
         <load_address>0x9b69</load_address>
         <run_address>0x9b69</run_address>
         <size>0x2af</size>
         <input_file_ref idref="fl-f"/>
      </object_component>
      <object_component id="oc-2e">
         <name>.debug_info</name>
         <load_address>0x9e18</load_address>
         <run_address>0x9e18</run_address>
         <size>0x120</size>
         <input_file_ref idref="fl-10"/>
      </object_component>
      <object_component id="oc-d7">
         <name>.debug_info</name>
         <load_address>0x9f38</load_address>
         <run_address>0x9f38</run_address>
         <size>0x34d</size>
         <input_file_ref idref="fl-11"/>
      </object_component>
      <object_component id="oc-da">
         <name>.debug_info</name>
         <load_address>0xa285</load_address>
         <run_address>0xa285</run_address>
         <size>0x517</size>
         <input_file_ref idref="fl-12"/>
      </object_component>
      <object_component id="oc-71">
         <name>.debug_info</name>
         <load_address>0xa79c</load_address>
         <run_address>0xa79c</run_address>
         <size>0x27e5</size>
         <input_file_ref idref="fl-12"/>
      </object_component>
      <object_component id="oc-1a">
         <name>.debug_info</name>
         <load_address>0xcf81</load_address>
         <run_address>0xcf81</run_address>
         <size>0x4d1</size>
         <input_file_ref idref="fl-13"/>
      </object_component>
      <object_component id="oc-93">
         <name>.debug_info</name>
         <load_address>0xd452</load_address>
         <run_address>0xd452</run_address>
         <size>0x2f3</size>
         <input_file_ref idref="fl-14"/>
      </object_component>
      <object_component id="oc-26">
         <name>.debug_info</name>
         <load_address>0xd745</load_address>
         <run_address>0xd745</run_address>
         <size>0xc8</size>
         <input_file_ref idref="fl-14"/>
      </object_component>
      <object_component id="oc-38">
         <name>.debug_info</name>
         <load_address>0xd80d</load_address>
         <run_address>0xd80d</run_address>
         <size>0x45a</size>
         <input_file_ref idref="fl-14"/>
      </object_component>
      <object_component id="oc-34">
         <name>.debug_info</name>
         <load_address>0xdc67</load_address>
         <run_address>0xdc67</run_address>
         <size>0x1e3</size>
         <input_file_ref idref="fl-14"/>
      </object_component>
      <object_component id="oc-15c">
         <name>.debug_info</name>
         <load_address>0xde4a</load_address>
         <run_address>0xde4a</run_address>
         <size>0x4f</size>
         <input_file_ref idref="fl-14"/>
      </object_component>
      <object_component id="oc-d3">
         <name>.debug_info</name>
         <load_address>0xde99</load_address>
         <run_address>0xde99</run_address>
         <size>0x3c3</size>
         <input_file_ref idref="fl-15"/>
      </object_component>
      <object_component id="oc-6b">
         <name>.debug_info</name>
         <load_address>0xe25c</load_address>
         <run_address>0xe25c</run_address>
         <size>0x719</size>
         <input_file_ref idref="fl-15"/>
      </object_component>
      <object_component id="oc-2df">
         <name>.debug_info</name>
         <load_address>0xe975</load_address>
         <run_address>0xe975</run_address>
         <size>0x117</size>
         <input_file_ref idref="fl-cf"/>
      </object_component>
      <object_component id="oc-c6">
         <name>.debug_info</name>
         <load_address>0xea8c</load_address>
         <run_address>0xea8c</run_address>
         <size>0x114</size>
         <input_file_ref idref="fl-d0"/>
      </object_component>
      <object_component id="oc-1c3">
         <name>.debug_info</name>
         <load_address>0xeba0</load_address>
         <run_address>0xeba0</run_address>
         <size>0x3e9</size>
         <input_file_ref idref="fl-d1"/>
      </object_component>
      <object_component id="oc-e3">
         <name>.debug_info</name>
         <load_address>0xef89</load_address>
         <run_address>0xef89</run_address>
         <size>0x16b</size>
         <input_file_ref idref="fl-d1"/>
      </object_component>
      <object_component id="oc-223">
         <name>.debug_info</name>
         <load_address>0xf0f4</load_address>
         <run_address>0xf0f4</run_address>
         <size>0x39</size>
         <input_file_ref idref="fl-d1"/>
      </object_component>
      <object_component id="oc-30f">
         <name>.debug_info</name>
         <load_address>0xf12d</load_address>
         <run_address>0xf12d</run_address>
         <size>0x39</size>
         <input_file_ref idref="fl-d1"/>
      </object_component>
      <object_component id="oc-228">
         <name>.debug_info</name>
         <load_address>0xf166</load_address>
         <run_address>0xf166</run_address>
         <size>0x39</size>
         <input_file_ref idref="fl-d1"/>
      </object_component>
      <object_component id="oc-22d">
         <name>.debug_info</name>
         <load_address>0xf19f</load_address>
         <run_address>0xf19f</run_address>
         <size>0xcd</size>
         <input_file_ref idref="fl-d1"/>
      </object_component>
      <object_component id="oc-c4">
         <name>.debug_info</name>
         <load_address>0xf26c</load_address>
         <run_address>0xf26c</run_address>
         <size>0x1b0</size>
         <input_file_ref idref="fl-d3"/>
      </object_component>
      <object_component id="oc-5a">
         <name>.debug_info</name>
         <load_address>0xf41c</load_address>
         <run_address>0xf41c</run_address>
         <size>0x184</size>
         <input_file_ref idref="fl-d3"/>
      </object_component>
      <object_component id="oc-bf">
         <name>.debug_info</name>
         <load_address>0xf5a0</load_address>
         <run_address>0xf5a0</run_address>
         <size>0x46</size>
         <input_file_ref idref="fl-d3"/>
      </object_component>
      <object_component id="oc-58">
         <name>.debug_info</name>
         <load_address>0xf5e6</load_address>
         <run_address>0xf5e6</run_address>
         <size>0x13a</size>
         <input_file_ref idref="fl-d4"/>
      </object_component>
      <object_component id="oc-13">
         <name>.debug_info</name>
         <load_address>0xf720</load_address>
         <run_address>0xf720</run_address>
         <size>0x19a</size>
         <input_file_ref idref="fl-d4"/>
      </object_component>
      <object_component id="oc-53">
         <name>.debug_info</name>
         <load_address>0xf8ba</load_address>
         <run_address>0xf8ba</run_address>
         <size>0x46</size>
         <input_file_ref idref="fl-d4"/>
      </object_component>
      <object_component id="oc-b7">
         <name>.debug_info</name>
         <load_address>0xf900</load_address>
         <run_address>0xf900</run_address>
         <size>0x2c</size>
         <input_file_ref idref="fl-d4"/>
      </object_component>
      <object_component id="oc-b5">
         <name>.debug_info</name>
         <load_address>0xf92c</load_address>
         <run_address>0xf92c</run_address>
         <size>0x135</size>
         <input_file_ref idref="fl-d5"/>
      </object_component>
      <object_component id="oc-d">
         <name>.debug_info</name>
         <load_address>0xfa61</load_address>
         <run_address>0xfa61</run_address>
         <size>0x215</size>
         <input_file_ref idref="fl-d5"/>
      </object_component>
      <object_component id="oc-43">
         <name>.debug_info</name>
         <load_address>0xfc76</load_address>
         <run_address>0xfc76</run_address>
         <size>0x60</size>
         <input_file_ref idref="fl-d5"/>
      </object_component>
      <object_component id="oc-16e">
         <name>.debug_info</name>
         <load_address>0xfcd6</load_address>
         <run_address>0xfcd6</run_address>
         <size>0x46</size>
         <input_file_ref idref="fl-d5"/>
      </object_component>
      <object_component id="oc-b0">
         <name>.debug_info</name>
         <load_address>0xfd1c</load_address>
         <run_address>0xfd1c</run_address>
         <size>0x39</size>
         <input_file_ref idref="fl-d5"/>
      </object_component>
      <object_component id="oc-216">
         <name>.debug_info</name>
         <load_address>0xfd55</load_address>
         <run_address>0xfd55</run_address>
         <size>0x244</size>
         <input_file_ref idref="fl-d6"/>
      </object_component>
      <object_component id="oc-213">
         <name>.debug_info</name>
         <load_address>0xff99</load_address>
         <run_address>0xff99</run_address>
         <size>0x155</size>
         <input_file_ref idref="fl-d6"/>
      </object_component>
      <object_component id="oc-12c">
         <name>.debug_info</name>
         <load_address>0x100ee</load_address>
         <run_address>0x100ee</run_address>
         <size>0xe7</size>
         <input_file_ref idref="fl-d6"/>
      </object_component>
      <object_component id="oc-132">
         <name>.debug_info</name>
         <load_address>0x101d5</load_address>
         <run_address>0x101d5</run_address>
         <size>0x149</size>
         <input_file_ref idref="fl-d6"/>
      </object_component>
      <object_component id="oc-ae">
         <name>.debug_info</name>
         <load_address>0x1031e</load_address>
         <run_address>0x1031e</run_address>
         <size>0x25d</size>
         <input_file_ref idref="fl-d7"/>
      </object_component>
      <object_component id="oc-40">
         <name>.debug_info</name>
         <load_address>0x1057b</load_address>
         <run_address>0x1057b</run_address>
         <size>0xd1</size>
         <input_file_ref idref="fl-d7"/>
      </object_component>
      <object_component id="oc-2f7">
         <name>.debug_info</name>
         <load_address>0x1064c</load_address>
         <run_address>0x1064c</run_address>
         <size>0x11c</size>
         <input_file_ref idref="fl-d7"/>
      </object_component>
      <object_component id="oc-2e5">
         <name>.debug_info</name>
         <load_address>0x10768</load_address>
         <run_address>0x10768</run_address>
         <size>0x109</size>
         <input_file_ref idref="fl-d7"/>
      </object_component>
      <object_component id="oc-2eb">
         <name>.debug_info</name>
         <load_address>0x10871</load_address>
         <run_address>0x10871</run_address>
         <size>0x144</size>
         <input_file_ref idref="fl-d7"/>
      </object_component>
      <object_component id="oc-2f1">
         <name>.debug_info</name>
         <load_address>0x109b5</load_address>
         <run_address>0x109b5</run_address>
         <size>0x148</size>
         <input_file_ref idref="fl-d7"/>
      </object_component>
      <object_component id="oc-2c6">
         <name>.debug_info</name>
         <load_address>0x10afd</load_address>
         <run_address>0x10afd</run_address>
         <size>0x1ab</size>
[...]
      <symbol id="sm-4ac">
         <name>efcStuckZeroTest</name>
         <value>0x6e8</value>
         <object_component_ref idref="oc-70"/>
      </symbol>
      <symbol id="sm-4cb">
         <name>_c_int00</name>
         <value>0x859c</value>
         <object_component_ref idref="oc-19"/>
      </symbol>
      <symbol id="sm-562">
         <name>vimChannelMap</name>
         <value>0x67f4</value>
         <object_component_ref idref="oc-37"/>
      </symbol>
      <symbol id="sm-563">
         <name>vimInit</name>
         <value>0x6720</value>
         <object_component_ref idref="oc-37"/>
      </symbol>
      <symbol id="sm-564">
         <name>vimEnableInterrupt</name>
         <value>0x6898</value>
         <object_component_ref idref="oc-37"/>
      </symbol>
      <symbol id="sm-565">
         <name>vimDisableInterrupt</name>
         <value>0x69f0</value>
         <object_component_ref idref="oc-37"/>
      </symbol>
      <symbol id="sm-566">
         <name>vimGetConfigValue</name>
         <value>0x6a74</value>
         <object_component_ref idref="oc-37"/>
      </symbol>
      <symbol id="sm-567">
         <name>vimParityErrorHandler</name>
         <value>0x8120</value>
         <object_component_ref idref="oc-33"/>
      </symbol>
      <symbol id="sm-5ba">
         <name>systemGetConfigValue</name>
         <value>0x5fc8</value>
         <object_component_ref idref="oc-6a"/>
      </symbol>
      <symbol id="sm-5bb">
         <name>trimLPO</name>
         <value>0x5d0c</value>
         <object_component_ref idref="oc-6a"/>
      </symbol>
      <symbol id="sm-5bc">
         <name>systemInit</name>
         <value>0x5ecc</value>
         <object_component_ref idref="oc-6a"/>
      </symbol>
      <symbol id="sm-5bd">
         <name>tcmflashGetConfigValue</name>
         <value>0x6388</value>
         <object_component_ref idref="oc-6a"/>
      </symbol>
      <symbol id="sm-5be">
         <name>sramGetConfigValue</name>
         <value>0x6534</value>
         <object_component_ref idref="oc-6a"/>
      </symbol>
      <symbol id="sm-5bf">
         <name>periphInit</name>
         <value>0x5d94</value>
         <object_component_ref idref="oc-6a"/>
      </symbol>
      <symbol id="sm-5c0">
         <name>setupFlash</name>
         <value>0x5d54</value>
         <object_component_ref idref="oc-6a"/>
      </symbol>
      <symbol id="sm-5c1">
         <name>setupPLL</name>
         <value>0x5cbc</value>
         <object_component_ref idref="oc-6a"/>
      </symbol>
      <symbol id="sm-5c2">
         <name>mapClocks</name>
         <value>0x5de8</value>
         <object_component_ref idref="oc-6a"/>
      </symbol>
      <symbol id="sm-5c3">
         <name>systemPowerDown</name>
         <value>0x5f98</value>
         <object_component_ref idref="oc-6a"/>
      </symbol>
      <symbol id="sm-5cf">
         <name>__aeabi_idivmod</name>
         <value>0xaff4</value>
         <object_component_ref idref="oc-2dd"/>
      </symbol>
      <symbol id="sm-5d0">
         <name>__aeabi_idiv</name>
         <value>0xaff4</value>
         <object_component_ref idref="oc-2dd"/>
      </symbol>
      <symbol id="sm-5df">
         <name>__aeabi_memset</name>
         <value>0x9fbc</value>
         <object_component_ref idref="oc-c5"/>
      </symbol>
      <symbol id="sm-5e0">
         <name>memset</name>
         <value>0x9fc8</value>
         <object_component_ref idref="oc-c5"/>
      </symbol>
      <symbol id="sm-5e1">
         <name>__aeabi_memset8</name>
         <value>0x9fbc</value>
         <object_component_ref idref="oc-c5"/>
      </symbol>
      <symbol id="sm-5e2">
         <name>__aeabi_memset4</name>
         <value>0x9fbc</value>
         <object_component_ref idref="oc-c5"/>
      </symbol>
      <symbol id="sm-5e3">
         <name>__aeabi_memclr8</name>
         <value>0x9fb8</value>
         <object_component_ref idref="oc-c5"/>
      </symbol>
      <symbol id="sm-5e4">
         <name>__aeabi_memclr4</name>
         <value>0x9fb8</value>
         <object_component_ref idref="oc-c5"/>
      </symbol>
      <symbol id="sm-5e5">
         <name>__aeabi_memclr</name>
         <value>0x9fb8</value>
         <object_component_ref idref="oc-c5"/>
      </symbol>
      <symbol id="sm-60d">
         <name>__TI_auto_init_nobinit_nopinit</name>
         <value>0xacc8</value>
         <object_component_ref idref="oc-e2"/>
      </symbol>
      <symbol id="sm-621">
         <name>__TI_zero_init_nomemset</name>
         <value>0xb384</value>
         <object_component_ref idref="oc-59"/>
      </symbol>
      <symbol id="sm-638">
         <name>__TI_decompress_none</name>
         <value>0xb3f4</value>
         <object_component_ref idref="oc-12"/>
      </symbol>
      <symbol id="sm-65b">
         <name>__TI_decompress_lzss</name>
         <value>0xa684</value>
         <object_component_ref idref="oc-c"/>
      </symbol>
      <symbol id="sm-681">
         <name>C$$EXIT</name>
         <value>0xb420</value>
         <object_component_ref idref="oc-12a"/>
      </symbol>
      <symbol id="sm-682">
         <name>abort</name>
         <value>0xb420</value>
         <object_component_ref idref="oc-12a"/>
      </symbol>
      <symbol id="sm-683">
         <name>__TI_dtors_ptr</name>
         <value>0x8001ecc</value>
         <object_component_ref idref="oc-212"/>
      </symbol>
      <symbol id="sm-684">
         <name>__TI_cleanup_ptr</name>
         <value>0x8001ec8</value>
         <object_component_ref idref="oc-212"/>
      </symbol>
      <symbol id="sm-685">
         <name>__TI_enable_exit_profile_output</name>
         <value>0x8001ed0</value>
         <object_component_ref idref="oc-212"/>
      </symbol>
      <symbol id="sm-686">
         <name>exit</name>
         <value>0xa9a8</value>
         <object_component_ref idref="oc-130"/>
      </symbol>
      <symbol id="sm-6fa">
         <name>_sys_memory</name>
         <value>0x8001500</value>
         <object_component_ref idref="oc-3f"/>
      </symbol>
      <symbol id="sm-6fb">
         <name>free</name>
         <value>0x8fb4</value>
         <object_component_ref idref="oc-1f6"/>
      </symbol>
      <symbol id="sm-6fc">
         <name>malloc</name>
         <value>0x9c9c</value>
         <object_component_ref idref="oc-2c5"/>
      </symbol>
      <symbol id="sm-6fd">
         <name>minit</name>
         <value>0xad94</value>
         <object_component_ref idref="oc-2e4"/>
      </symbol>
      <symbol id="sm-712">
         <name>_nop</name>
         <value>0xb428</value>
         <object_component_ref idref="oc-281"/>
      </symbol>
      <symbol id="sm-713">
         <name>_lock</name>
         <value>0x8001ee0</value>
         <object_component_ref idref="oc-1d7"/>
      </symbol>
      <symbol id="sm-714">
         <name>_unlock</name>
         <value>0x8001ee4</value>
         <object_component_ref idref="oc-1d7"/>
      </symbol>
      <symbol id="sm-740">
         <name>printf</name>
         <value>0xa300</value>
         <object_component_ref idref="oc-112"/>
      </symbol>
      <symbol id="sm-765">
         <name>rand</name>
         <value>0xb098</value>
         <object_component_ref idref="oc-2d7"/>
      </symbol>
      <symbol id="sm-766">
         <name>srand</name>
         <value>0xb280</value>
         <object_component_ref idref="oc-2d1"/>
      </symbol>
      <symbol id="sm-77d">
         <name>__time32</name>
         <value>0xb3c4</value>
         <object_component_ref idref="oc-2cb"/>
      </symbol>
      <symbol id="sm-77e">
         <name>time</name>
         <value>0xb3c4</value>
         <object_component_ref idref="oc-2cb"/>
      </symbol>
      <symbol id="sm-796">
         <name>HOSTtime</name>
         <value>0xab84</value>
         <object_component_ref idref="oc-3d7"/>
      </symbol>
      <symbol id="sm-7b9">
         <name>__TI_readmsg</name>
         <value>0xaef8</value>
         <object_component_ref idref="oc-461"/>
      </symbol>
      <symbol id="sm-7ba">
         <name>C$$IO$$</name>
         <value>0xaf94</value>
         <object_component_ref idref="oc-45b"/>
      </symbol>
      <symbol id="sm-7bb">
         <name>__CIOBUF_</name>
         <value>0x8001ef8</value>
         <object_component_ref idref="oc-4b8"/>
      </symbol>
      <symbol id="sm-7bc">
         <name>__TI_writemsg</name>
         <value>0xaf4c</value>
         <object_component_ref idref="oc-45b"/>
      </symbol>
      <symbol id="sm-7c6">
         <name>__aeabi_idiv0</name>
         <value>0xb438</value>
         <object_component_ref idref="oc-3ea"/>
      </symbol>
      <symbol id="sm-7c7">
         <name>__aeabi_ldiv0</name>
         <value>0xb438</value>
         <object_component_ref idref="oc-3ea"/>
      </symbol>
      <symbol id="sm-7e0">
         <name>memcpy</name>
         <value>0x8e34</value>
         <object_component_ref idref="oc-4d"/>
      </symbol>
      <symbol id="sm-7e1">
         <name>__aeabi_memcpy</name>
         <value>0x8e34</value>
         <object_component_ref idref="oc-4d"/>
      </symbol>
      <symbol id="sm-7e2">
         <name>__aeabi_memcpy8</name>
         <value>0x8e34</value>
         <object_component_ref idref="oc-4d"/>
      </symbol>
      <symbol id="sm-7e3">
         <name>__aeabi_memcpy4</name>
         <value>0x8e34</value>
         <object_component_ref idref="oc-4d"/>
      </symbol>
      <symbol id="sm-936">
         <name>__TI_printfi</name>
         <value>0x3df8</value>
         <object_component_ref idref="oc-1d1"/>
      </symbol>
      <symbol id="sm-949">
         <name>atoi</name>
         <value>0xa8a4</value>
         <object_component_ref idref="oc-23a"/>
      </symbol>
      <symbol id="sm-954">
         <name>_ctypes_</name>
         <value>0xb5bc</value>
         <object_component_ref idref="oc-31d"/>
      </symbol>
      <symbol id="sm-969">
         <name>__TI_tmpnams</name>
         <value>0x8002018</value>
      </symbol>
      <symbol id="sm-96a">
         <name>__aeabi_stdout</name>
         <value>0x8001ec0</value>
         <object_component_ref idref="oc-4cf"/>
      </symbol>
      <symbol id="sm-96b">
         <name>__aeabi_stderr</name>
         <value>0x8001ec4</value>
         <object_component_ref idref="oc-4cf"/>
      </symbol>
      <symbol id="sm-96c">
         <name>__aeabi_stdin</name>
         <value>0x8001ebc</value>
         <object_component_ref idref="oc-4cf"/>
      </symbol>
      <symbol id="sm-96d">
         <name>_ftable</name>
         <value>0x8001d00</value>
         <object_component_ref idref="oc-1da"/>
      </symbol>
      <symbol id="sm-96e">
         <name>__TI_ft_end</name>
         <value>0x8001eb8</value>
         <object_component_ref idref="oc-4cf"/>
      </symbol>
      <symbol id="sm-984">
         <name>putc</name>
         <value>0x9728</value>
         <object_component_ref idref="oc-296"/>
      </symbol>
      <symbol id="sm-985">
         <name>fputc</name>
         <value>0x9728</value>
         <object_component_ref idref="oc-296"/>
      </symbol>
      <symbol id="sm-9a1">
         <name>fputs</name>
         <value>0x8b00</value>
         <object_component_ref idref="oc-28f"/>
      </symbol>
      <symbol id="sm-9af">
         <name>ltoa</name>
         <value>0xa928</value>
         <object_component_ref idref="oc-342"/>
      </symbol>
      <symbol id="sm-9be">
         <name>memccpy</name>
         <value>0xb2b8</value>
         <object_component_ref idref="oc-263"/>
      </symbol>
      <symbol id="sm-9cd">
         <name>memchr</name>
         <value>0xb2e4</value>
         <object_component_ref idref="oc-3aa"/>
      </symbol>
      <symbol id="sm-9db">
         <name>strchr</name>
         <value>0xb310</value>
         <object_component_ref idref="oc-379"/>
      </symbol>
      <symbol id="sm-9e9">
         <name>strlen</name>
         <value>0xb3a4</value>
         <object_component_ref idref="oc-234"/>
      </symbol>
      <symbol id="sm-9fb">
         <name>parmbuf</name>
         <value>0x80020b8</value>
      </symbol>
      <symbol id="sm-9fc">
         <name>HOSTopen</name>
         <value>0xa39c</value>
         <object_component_ref idref="oc-4d5"/>
      </symbol>
      <symbol id="sm-a22">
         <name>_stream</name>
         <value>0x8001e68</value>
         <object_component_ref idref="oc-452"/>
      </symbol>
      <symbol id="sm-a23">
         <name>_device</name>
         <value>0x8001df0</value>
         <object_component_ref idref="oc-4a7"/>
      </symbol>
      <symbol id="sm-a24">
         <name>write</name>
         <value>0xb200</value>
         <object_component_ref idref="oc-3b6"/>
      </symbol>
      <symbol id="sm-a3a">
         <name>__aeabi_errno_addr</name>
         <value>0xb408</value>
         <object_component_ref idref="oc-26f"/>
      </symbol>
      <symbol id="sm-a3b">
         <name>errno</name>
         <value>0x8001ef0</value>
         <object_component_ref idref="oc-389"/>
      </symbol>
      <symbol id="sm-a58">
         <name>frexpl</name>
         <value>0xaa24</value>
         <object_component_ref idref="oc-36d"/>
      </symbol>
      <symbol id="sm-a59">
         <name>frexp</name>
         <value>0xaa24</value>
         <object_component_ref idref="oc-36d"/>
      </symbol>
      <symbol id="sm-a75">
         <name>scalbn</name>
         <value>0x94f0</value>
         <object_component_ref idref="oc-373"/>
      </symbol>
      <symbol id="sm-a76">
         <name>scalbnl</name>
         <value>0x94f0</value>
         <object_component_ref idref="oc-373"/>
      </symbol>
      <symbol id="sm-a77">
         <name>ldexpl</name>
         <value>0x94f0</value>
         <object_component_ref idref="oc-373"/>
      </symbol>
      <symbol id="sm-a78">
         <name>ldexp</name>
         <value>0x94f0</value>
         <object_component_ref idref="oc-373"/>
      </symbol>
      <symbol id="sm-a90">
         <name>wcslen</name>
         <value>0xb360</value>
         <object_component_ref idref="oc-269"/>
      </symbol>
      <symbol id="sm-a9c">
         <name>__aeabi_uidivmod</name>
         <value>0xb048</value>
         <object_component_ref idref="oc-327"/>
      </symbol>
      <symbol id="sm-a9d">
         <name>__aeabi_uidiv</name>
         <value>0xb048</value>
         <object_component_ref idref="oc-327"/>
      </symbol>
      <symbol id="sm-ab4">
         <name>__aeabi_dsub</name>
         <value>0x8388</value>
         <object_component_ref idref="oc-34d"/>
      </symbol>
      <symbol id="sm-ab5">
         <name>__aeabi_dadd</name>
         <value>0x8394</value>
         <object_component_ref idref="oc-34d"/>
      </symbol>
      <symbol id="sm-ad7">
         <name>__aeabi_cdcmpeq</name>
         <value>0x99fc</value>
         <object_component_ref idref="oc-246"/>
      </symbol>
      <symbol id="sm-ad8">
         <name>__aeabi_cdcmple</name>
         <value>0x99fc</value>
         <object_component_ref idref="oc-246"/>
      </symbol>
      <symbol id="sm-ad9">
         <name>__aeabi_cdrcmple</name>
         <value>0x9adc</value>
         <object_component_ref idref="oc-338"/>
      </symbol>
      <symbol id="sm-aed">
         <name>__aeabi_ddiv</name>
         <value>0x8ca4</value>
         <object_component_ref idref="oc-333"/>
      </symbol>
      <symbol id="sm-af8">
         <name>__aeabi_dmul</name>
         <value>0x93c8</value>
         <object_component_ref idref="oc-32e"/>
      </symbol>
      <symbol id="sm-b02">
         <name>__aeabi_d2iz</name>
         <value>0xadf0</value>
         <object_component_ref idref="oc-33d"/>
      </symbol>
      <symbol id="sm-b0c">
         <name>__aeabi_i2d</name>
         <value>0xb244</value>
         <object_component_ref idref="oc-348"/>
      </symbol>
      <symbol id="sm-b28">
         <name>__aeabi_uldivmod</name>
         <value>0x7e68</value>
         <object_component_ref idref="oc-322"/>
      </symbol>
      <symbol id="sm-b3f">
         <name>__TI_wrt_ok</name>
         <value>0xa260</value>
         <object_component_ref idref="oc-3a4"/>
      </symbol>
      <symbol id="sm-b4f">
         <name>__TI_doflush</name>
         <value>0xa79c</value>
         <object_component_ref idref="oc-3b0"/>
      </symbol>
      <symbol id="sm-b61">
         <name>fseek</name>
         <value>0xa114</value>
         <object_component_ref idref="oc-440"/>
      </symbol>
      <symbol id="sm-b71">
         <name>lseek</name>
         <value>0xb1bc</value>
         <object_component_ref idref="oc-48c"/>
      </symbol>
      <symbol id="sm-b8b">
         <name>setvbuf</name>
         <value>0x9120</value>
         <object_component_ref idref="oc-446"/>
      </symbol>
      <symbol id="sm-b9c">
         <name>HOSTclose</name>
         <value>0xaaa0</value>
         <object_component_ref idref="oc-4db"/>
      </symbol>
      <symbol id="sm-bad">
         <name>HOSTlseek</name>
         <value>0xa068</value>
         <object_component_ref idref="oc-4ed"/>
      </symbol>
      <symbol id="sm-bbe">
         <name>HOSTread</name>
         <value>0xa564</value>
         <object_component_ref idref="oc-4e1"/>
      </symbol>
      <symbol id="sm-bcf">
         <name>HOSTrename</name>
         <value>0xa1bc</value>
         <object_component_ref idref="oc-4f9"/>
      </symbol>
      <symbol id="sm-be0">
         <name>HOSTunlink</name>
         <value>0xab14</value>
         <object_component_ref idref="oc-4f3"/>
      </symbol>
      <symbol id="sm-bf1">
         <name>HOSTwrite</name>
         <value>0xa5f4</value>
         <object_component_ref idref="oc-4e7"/>
      </symbol>
      <symbol id="sm-bfb">
         <name>copysign</name>
         <value>0xb414</value>
         <object_component_ref idref="oc-424"/>
      </symbol>
      <symbol id="sm-bfc">
         <name>copysignl</name>
         <value>0xb414</value>
         <object_component_ref idref="oc-424"/>
      </symbol>
      <symbol id="sm-c0b">
         <name>__TI_cleanup</name>
         <value>0xaea4</value>
         <object_component_ref idref="oc-494"/>
      </symbol>
      <symbol id="sm-c1a">
         <name>strcpy</name>
         <value>0xb3dc</value>
         <object_component_ref idref="oc-523"/>
      </symbol>
      <symbol id="sm-c2f">
         <name>__TI_closefile</name>
         <value>0x9f00</value>
         <object_component_ref idref="oc-4c9"/>
      </symbol>
      <symbol id="sm-c51">
         <name>finddevice</name>
         <value>0xafa0</value>
         <object_component_ref idref="oc-54d"/>
      </symbol>
      <symbol id="sm-c52">
         <name>getdevice</name>
         <value>0xabf0</value>
         <object_component_ref idref="oc-52d"/>
      </symbol>
      <symbol id="sm-c61">
         <name>strcmp</name>
         <value>0xb338</value>
         <object_component_ref idref="oc-560"/>
      </symbol>
      <symbol id="sm-c70">
         <name>strncpy</name>
         <value>0xb12c</value>
         <object_component_ref idref="oc-547"/>
      </symbol>
      <symbol id="sm-c80">
         <name>unlink</name>
         <value>0xb174</value>
         <object_component_ref idref="oc-50d"/>
      </symbol>
      <symbol id="sm-c94">
         <name>close</name>
         <value>0xa4cc</value>
         <object_component_ref idref="oc-507"/>
      </symbol>
      <symbol id="sm-c95">
         <name>__TI_static_base__</name>
         <value>0x0</value>
      </symbol>
      <symbol id="sm-c98">
         <name>SHT$$INIT_ARRAY$$Base</name>
         <value>0x0</value>
      </symbol>
      <symbol id="sm-c99">
         <name>SHT$$INIT_ARRAY$$Limit</name>
         <value>0x0</value>
      </symbol>
      <symbol id="sm-c9a">
         <name>_system_post_cinit</name>
         <value>0x0</value>
      </symbol>
      <symbol id="sm-c9b">
         <name>remove</name>
         <value>0xb174</value>
      </symbol>
   </symbol_table>
   <title>Link successful</title>
</link_info>
